Archive member included to satisfy reference by file (symbol)

../../../../../../../../../dev/daisy_seed/libDaisy//build\libdaisy.a(daisy_seed.o)
                              build/key_controlled_ocillators.o (daisy::DaisySeed::Configure())
../../../../../../../../../dev/daisy_seed/libDaisy//build\libdaisy.a(codec_ak4556.o)
                              ../../../../../../../../../dev/daisy_seed/libDaisy//build\libdaisy.a(daisy_seed.o) (daisy::Ak4556::Init(dsy_gpio_pin))
../../../../../../../../../dev/daisy_seed/libDaisy//build\libdaisy.a(codec_wm8731.o)
                              ../../../../../../../../../dev/daisy_seed/libDaisy//build\libdaisy.a(daisy_seed.o) (daisy::Wm8731::Init(daisy::Wm8731::Config const&, daisy::I2CHandle))
../../../../../../../../../dev/daisy_seed/libDaisy//build\libdaisy.a(sdram.o)
                              ../../../../../../../../../dev/daisy_seed/libDaisy//build\libdaisy.a(daisy_seed.o) (SdramHandle::Init())
../../../../../../../../../dev/daisy_seed/libDaisy//build\libdaisy.a(audio.o)
                              ../../../../../../../../../dev/daisy_seed/libDaisy//build\libdaisy.a(daisy_seed.o) (daisy::AudioHandle::Init(daisy::AudioHandle::Config const&, daisy::SaiHandle))
../../../../../../../../../dev/daisy_seed/libDaisy//build\libdaisy.a(logger.o)
                              build/key_controlled_ocillators.o (daisy::Logger<(daisy::LoggerDestination)1>::PrintLine(char const*, ...))
../../../../../../../../../dev/daisy_seed/libDaisy//build\libdaisy.a(usb.o)
                              ../../../../../../../../../dev/daisy_seed/libDaisy//build\libdaisy.a(logger.o) (daisy::UsbHandle::Init(daisy::UsbHandle::UsbPeriph))
../../../../../../../../../dev/daisy_seed/libDaisy//build\libdaisy.a(gpio.o)
                              ../../../../../../../../../dev/daisy_seed/libDaisy//build\libdaisy.a(daisy_seed.o) (daisy::GPIO::Init(daisy::Pin, daisy::GPIO::Mode, daisy::GPIO::Pull, daisy::GPIO::Speed))
../../../../../../../../../dev/daisy_seed/libDaisy//build\libdaisy.a(i2c.o)
                              ../../../../../../../../../dev/daisy_seed/libDaisy//build\libdaisy.a(daisy_seed.o) (daisy::I2CHandle::Init(daisy::I2CHandle::Config const&))
../../../../../../../../../dev/daisy_seed/libDaisy//build\libdaisy.a(qspi.o)
                              ../../../../../../../../../dev/daisy_seed/libDaisy//build\libdaisy.a(daisy_seed.o) (daisy::QSPIHandle::Init(daisy::QSPIHandle::Config const&))
../../../../../../../../../dev/daisy_seed/libDaisy//build\libdaisy.a(sai.o)
                              ../../../../../../../../../dev/daisy_seed/libDaisy//build\libdaisy.a(daisy_seed.o) (daisy::SaiHandle::Init(daisy::SaiHandle::Config const&))
../../../../../../../../../dev/daisy_seed/libDaisy//build\libdaisy.a(uart.o)
                              build/key_controlled_ocillators.o (daisy::UartHandler::Init(daisy::UartHandler::Config const&))
../../../../../../../../../dev/daisy_seed/libDaisy//build\libdaisy.a(dma.o)
                              ../../../../../../../../../dev/daisy_seed/libDaisy//build\libdaisy.a(uart.o) (dsy_dma_invalidate_cache_for_buffer)
../../../../../../../../../dev/daisy_seed/libDaisy//build\libdaisy.a(system.o)
                              ../../../../../../../../../dev/daisy_seed/libDaisy//build\libdaisy.a(daisy_seed.o) (daisy::System::DeInit())
../../../../../../../../../dev/daisy_seed/libDaisy//build\libdaisy.a(system_stm32h7xx.o)
                              build/startup_stm32h750xx.o (SystemInit)
../../../../../../../../../dev/daisy_seed/libDaisy//build\libdaisy.a(usbd_cdc_if.o)
                              ../../../../../../../../../dev/daisy_seed/libDaisy//build\libdaisy.a(usb.o) (CDC_Transmit_FS)
../../../../../../../../../dev/daisy_seed/libDaisy//build\libdaisy.a(usbd_conf.o)
                              ../../../../../../../../../dev/daisy_seed/libDaisy//build\libdaisy.a(system.o) (hpcd_USB_OTG_HS)
../../../../../../../../../dev/daisy_seed/libDaisy//build\libdaisy.a(usbd_desc.o)
                              ../../../../../../../../../dev/daisy_seed/libDaisy//build\libdaisy.a(usb.o) (HS_Desc)
../../../../../../../../../dev/daisy_seed/libDaisy//build\libdaisy.a(usbh_conf.o)
                              ../../../../../../../../../dev/daisy_seed/libDaisy//build\libdaisy.a(system.o) (hhcd_USB_OTG_HS)
../../../../../../../../../dev/daisy_seed/libDaisy//build\libdaisy.a(hal_map.o)
                              ../../../../../../../../../dev/daisy_seed/libDaisy//build\libdaisy.a(gpio.o) (dsy_hal_map_get_port)
../../../../../../../../../dev/daisy_seed/libDaisy//build\libdaisy.a(stm32h7xx_hal.o)
                              ../../../../../../../../../dev/daisy_seed/libDaisy//build\libdaisy.a(system.o) (HAL_Init)
../../../../../../../../../dev/daisy_seed/libDaisy//build\libdaisy.a(stm32h7xx_hal_cortex.o)
                              ../../../../../../../../../dev/daisy_seed/libDaisy//build\libdaisy.a(stm32h7xx_hal.o) (HAL_NVIC_SetPriorityGrouping)
[...]
Memory Configuration

Name             Origin             Length             Attributes
FLASH            0x08000000         0x00020000         xr
DTCMRAM          0x20000000         0x00020000         xrw
SRAM             0x24000000         0x00080000         xrw
RAM_D2           0x30000000         0x00048000         xrw
RAM_D3           0x38000000         0x00010000         xrw
BACKUP_SRAM      0x38800000         0x00001000         xrw
ITCMRAM          0x00000000         0x00010000         xrw
SDRAM            0xc0000000         0x04000000         xrw
QSPIFLASH        0x90000000         0x00800000         xr
*default*        0x00000000         0xffffffff

Linker script and memory map

LOAD c:/program files/daisytoolchain/bin/../lib/gcc/arm-none-eabi/10.2.1/thumb/v7e-m+dp/hard/crti.o
LOAD c:/program files/daisytoolchain/bin/../lib/gcc/arm-none-eabi/10.2.1/thumb/v7e-m+dp/hard/crtbegin.o
LOAD c:/program files/daisytoolchain/bin/../lib/gcc/arm-none-eabi/10.2.1/../../../../arm-none-eabi/lib/thumb/v7e-m+dp/hard/crt0.o
LOAD build/startup_stm32h750xx.o
LOAD build/key_controlled_ocillators.o
LOAD ../../../../../../../../../dev/daisy_seed/libDaisy//build\libdaisy.a
LOAD c:/program files/daisytoolchain/bin/../lib/gcc/arm-none-eabi/10.2.1/../../../../arm-none-eabi/lib/thumb/v7e-m+dp/hard\libnosys.a
LOAD ../../../../../../../../../dev/daisy_seed/DaisySP//build\libdaisysp.a
LOAD c:/program files/daisytoolchain/bin/../lib/gcc/arm-none-eabi/10.2.1/../../../../arm-none-eabi/lib/thumb/v7e-m+dp/hard\libstdc++_nano.a
LOAD c:/program files/daisytoolchain/bin/../lib/gcc/arm-none-eabi/10.2.1/../../../../arm-none-eabi/lib/thumb/v7e-m+dp/hard\libm.a
LOAD c:/program files/daisytoolchain/bin/../lib/gcc/arm-none-eabi/10.2.1/../../../../arm-none-eabi/lib/thumb/v7e-m+dp/hard\libc_nano.a
START GROUP
LOAD c:/program files/daisytoolchain/bin/../lib/gcc/arm-none-eabi/10.2.1/thumb/v7e-m+dp/hard\libgcc.a
LOAD c:/program files/daisytoolchain/bin/../lib/gcc/arm-none-eabi/10.2.1/../../../../arm-none-eabi/lib/thumb/v7e-m+dp/hard\libc_nano.a
END GROUP
START GROUP
LOAD c:/program files/daisytoolchain/bin/../lib/gcc/arm-none-eabi/10.2.1/thumb/v7e-m+dp/hard\libgcc.a
LOAD c:/program files/daisytoolchain/bin/../lib/gcc/arm-none-eabi/10.2.1/../../../../arm-none-eabi/lib/thumb/v7e-m+dp/hard\libc_nano.a
LOAD c:/program files/daisytoolchain/bin/../lib/gcc/arm-none-eabi/10.2.1/../../../../arm-none-eabi/lib/thumb/v7e-m+dp/hard\libnosys.a
END GROUP
START GROUP
LOAD c:/program files/daisytoolchain/bin/../lib/gcc/arm-none-eabi/10.2.1/thumb/v7e-m+dp/hard\libgcc.a
LOAD c:/program files/daisytoolchain/bin/../lib/gcc/arm-none-eabi/10.2.1/../../../../arm-none-eabi/lib/thumb/v7e-m+dp/hard\libc_nano.a
LOAD c:/program files/daisytoolchain/bin/../lib/gcc/arm-none-eabi/10.2.1/../../../../arm-none-eabi/lib/thumb/v7e-m+dp/hard\libnosys.a
END GROUP
LOAD c:/program files/daisytoolchain/bin/../lib/gcc/arm-none-eabi/10.2.1/thumb/v7e-m+dp/hard/crtend.o
LOAD c:/program files/daisytoolchain/bin/../lib/gcc/arm-none-eabi/10.2.1/thumb/v7e-m+dp/hard/crtn.o
                0x20020000                _estack = 0x20020000

.isr_vector     0x08000000      0x298
                0x08000000                . = ALIGN (0x4)
 *(.isr_vector)
 .isr_vector    0x08000000      0x298 build/startup_stm32h750xx.o
                0x08000000                g_pfnVectors
                0x08000298                . = ALIGN (0x4)

.text           0x080002a0    0x13de4
                0x080002a0                . = ALIGN (0x4)
                0x080002a0                _stext = .
 *(.text)
 .text          0x080002a0       0x40 c:/program files/daisytoolchain/bin/../lib/gcc/arm-none-eabi/10.2.1/thumb/v7e-m+dp/hard/crtbegin.o
 .text          0x080002e0       0x10 c:/program files/daisytoolchain/bin/../lib/gcc/arm-none-eabi/10.2.1/../../../../arm-none-eabi/lib/thumb/v7e-m+dp/hard\libc_nano.a(lib_a-strlen.o)
                0x080002e0                strlen
 .text          0x080002f0       0xa0 c:/program files/daisytoolchain/bin/../lib/gcc/arm-none-eabi/10.2.1/../../../../arm-none-eabi/lib/thumb/v7e-m+dp/hard\libc_nano.a(lib_a-memchr.o)
                0x080002f0                memchr
 .text          0x08000390      0x378 c:/program files/daisytoolchain/bin/../lib/gcc/arm-none-eabi/10.2.1/thumb/v7e-m+dp/hard\libgcc.a(_arm_addsubdf3.o)
                0x08000390                __aeabi_drsub
                0x08000398                __aeabi_dsub
                0x08000398                __subdf3
                0x0800039c                __aeabi_dadd
                0x0800039c                __adddf3
                0x08000614                __floatunsidf
                0x08000614                __aeabi_ui2d
                0x08000634                __floatsidf
                0x08000634                __aeabi_i2d
                0x08000658                __aeabi_f2d
                0x08000658                __extendsfdf2
                0x0800069c                __floatundidf
                0x0800069c                __aeabi_ul2d
                0x080006ac                __floatdidf
                0x080006ac                __aeabi_l2d
 .text          0x08000708       0x30 c:/program files/daisytoolchain/bin/../lib/gcc/arm-none-eabi/10.2.1/thumb/v7e-m+dp/hard\libgcc.a(_aeabi_uldivmod.o)
                0x08000708                __aeabi_uldivmod
 .text          0x08000738      0x2d0 c:/program files/daisytoolchain/bin/../lib/gcc/arm-none-eabi/10.2.1/thumb/v7e-m+dp/hard\libgcc.a(_udivmoddi4.o)
                0x08000738                __udivmoddi4
 .text          0x08000a08        0x4 c:/program files/daisytoolchain/bin/../lib/gcc/arm-none-eabi/10.2.1/thumb/v7e-m+dp/hard\libgcc.a(_dvmd_tls.o)
                0x08000a08                __aeabi_idiv0
                0x08000a08                __aeabi_ldiv0
 *(.text*)
 .text.Default_Handler
                0x08000a0c        0x4 build/startup_stm32h750xx.o
                0x08000a0c                RTC_Alarm_IRQHandler
                0x08000a0c                HASH_RNG_IRQHandler
                0x08000a0c                EXTI2_IRQHandler
                0x08000a0c                TIM8_CC_IRQHandler
                0x08000a0c                HRTIM1_Master_IRQHandler
                0x08000a0c                DebugMon_Handler
                0x08000a0c                TIM1_CC_IRQHandler
                0x08000a0c                BDMA_Channel6_IRQHandler
                0x08000a0c                DMA2_Stream5_IRQHandler
                0x08000a0c                HRTIM1_FLT_IRQHandler
                0x08000a0c                JPEG_IRQHandler
                0x08000a0c                BDMA_Channel1_IRQHandler
                0x08000a0c                HRTIM1_TIMD_IRQHandler
                0x08000a0c                TAMP_STAMP_IRQHandler
                0x08000a0c                PendSV_Handler
                0x08000a0c                NMI_Handler
                0x08000a0c                EXTI3_IRQHandler
                0x08000a0c                LPTIM4_IRQHandler
                0x08000a0c                TIM8_TRG_COM_TIM14_IRQHandler
                0x08000a0c                LPTIM2_IRQHandler
                0x08000a0c                DFSDM1_FLT1_IRQHandler
                0x08000a0c                DMAMUX2_OVR_IRQHandler
                0x08000a0c                TIM8_UP_TIM13_IRQHandler
                0x08000a0c                I2C3_ER_IRQHandler
                0x08000a0c                DFSDM1_FLT2_IRQHandler
                0x08000a0c                MDMA_IRQHandler
                0x08000a0c                LPTIM3_IRQHandler
                0x08000a0c                HSEM1_IRQHandler
                0x08000a0c                EXTI0_IRQHandler
                0x08000a0c                DMA1_Stream2_IRQHandler
                0x08000a0c                FPU_IRQHandler
                0x08000a0c                OTG_HS_WKUP_IRQHandler
                0x08000a0c                FDCAN1_IT1_IRQHandler
                0x08000a0c                UsageFault_Handler
                0x08000a0c                LTDC_ER_IRQHandler
                0x08000a0c                HRTIM1_TIME_IRQHandler
                0x08000a0c                TIM6_DAC_IRQHandler
                0x08000a0c                DCMI_IRQHandler
                0x08000a0c                HRTIM1_TIMC_IRQHandler
                0x08000a0c                SAI2_IRQHandler
                0x08000a0c                DFSDM1_FLT3_IRQHandler
                0x08000a0c                TIM17_IRQHandler
                0x08000a0c                CRYP_IRQHandler
                0x08000a0c                BDMA_Channel7_IRQHandler
                0x08000a0c                LPTIM5_IRQHandler
                0x08000a0c                ADC3_IRQHandler
                0x08000a0c                DMA2_Stream0_IRQHandler
                0x08000a0c                BDMA_Channel2_IRQHandler
                0x08000a0c                DMAMUX1_OVR_IRQHandler
                0x08000a0c                TIM16_IRQHandler
                0x08000a0c                BDMA_Channel5_IRQHandler
                0x08000a0c                RCC_IRQHandler
                0x08000a0c                TIM8_BRK_TIM12_IRQHandler
                0x08000a0c                TIM1_TRG_COM_IRQHandler
                0x08000a0c                Default_Handler
                0x08000a0c                ECC_IRQHandler
                0x08000a0c                CEC_IRQHandler
                0x08000a0c                EXTI15_10_IRQHandler
                0x08000a0c                BDMA_Channel0_IRQHandler
                0x08000a0c                ADC_IRQHandler
                0x08000a0c                DMA1_Stream7_IRQHandler
                0x08000a0c                HRTIM1_TIMA_IRQHandler
                0x08000a0c                TIM7_IRQHandler
                0x08000a0c                SDMMC1_IRQHandler
                0x08000a0c                DMA2_Stream7_IRQHandler
                0x08000a0c                TIM15_IRQHandler
                0x08000a0c                PVD_AVD_IRQHandler
                0x08000a0c                EXTI9_5_IRQHandler
                0x08000a0c                RTC_WKUP_IRQHandler
                0x08000a0c                LTDC_IRQHandler
                0x08000a0c                SAI3_IRQHandler
                0x08000a0c                ETH_WKUP_IRQHandler
                0x08000a0c                SPDIF_RX_IRQHandler
                0x08000a0c                MemManage_Handler
                0x08000a0c                SVC_Handler
                0x08000a0c                CRS_IRQHandler
                0x08000a0c                EXTI4_IRQHandler
                0x08000a0c                HRTIM1_TIMB_IRQHandler
                0x08000a0c                FDCAN2_IT1_IRQHandler
                0x08000a0c                ETH_IRQHandler
                0x08000a0c                TIM1_UP_IRQHandler
                0x08000a0c                BDMA_Channel4_IRQHandler
                0x08000a0c                WWDG_IRQHandler
                0x08000a0c                SPI6_IRQHandler
                0x08000a0c                I2C4_EV_IRQHandler
                0x08000a0c                MDIOS_IRQHandler
                0x08000a0c                FDCAN2_IT0_IRQHandler
                0x08000a0c                FDCAN1_IT0_IRQHandler
                0x08000a0c                OTG_FS_WKUP_IRQHandler
                0x08000a0c                DMA2D_IRQHandler
                0x08000a0c                TIM1_BRK_IRQHandler
                0x08000a0c                EXTI1_IRQHandler
                0x08000a0c                SDMMC2_IRQHandler
                0x08000a0c                BDMA_Channel3_IRQHandler
                0x08000a0c                MDIOS_WKUP_IRQHandler
                0x08000a0c                DFSDM1_FLT0_IRQHandler
                0x08000a0c                SAI4_IRQHandler
                0x08000a0c                I2C2_ER_IRQHandler
                0x08000a0c                DMA2_Stream1_IRQHandler
                0x08000a0c                FLASH_IRQHandler
                0x08000a0c                BusFault_Handler
                0x08000a0c                WAKEUP_PIN_IRQHandler
                0x08000a0c                I2C1_ER_IRQHandler
                0x08000a0c                FMC_IRQHandler
                0x08000a0c                FDCAN_CAL_IRQHandler
                0x08000a0c                SWPMI1_IRQHandler
                0x08000a0c                COMP1_IRQHandler
                0x08000a0c                LPTIM1_IRQHandler
                0x08000a0c                I2C4_ER_IRQHandler
                0x08000a0c                DMA2_Stream6_IRQHandler
                0x08000a0c                SAI1_IRQHandler
 .text.Reset_Handler
                0x08000a10       0x44 build/startup_stm32h750xx.o
                0x08000a10                Reset_Handler
 .text._ZN5daisy9DaisySeedD2Ev
                0x08000a54        0x4 build/key_controlled_ocillators.o
                0x08000a54                daisy::DaisySeed::~DaisySeed()
                0x08000a54                daisy::DaisySeed::~DaisySeed()
 .text.__tcf_0  0x08000a58        0x4 build/key_controlled_ocillators.o
 .text._ZL13AudioCallbackPKfPfj
                0x08000a5c       0x5c build/key_controlled_ocillators.o
 .text._Z15initialize_uartPN5daisy11UartHandlerE
                0x08000ab8       0x38 build/key_controlled_ocillators.o
                0x08000ab8                initialize_uart(daisy::UartHandler*)
 .text._Z10flush_uartPN5daisy11UartHandlerE
                0x08000af0       0x24 build/key_controlled_ocillators.o
                0x08000af0                flush_uart(daisy::UartHandler*)
 .text._Z19receive_msg_on_uartPN5daisy11UartHandlerEPc
                0x08000b14       0x6c build/key_controlled_ocillators.o
                0x08000b14                receive_msg_on_uart(daisy::UartHandler*, char*)
 .text._Z20analyze_msg_receivedPcPtP10e_msg_typePm
                0x08000b80       0xf8 build/key_controlled_ocillators.o
                0x08000b80                analyze_msg_received(char*, unsigned short*, e_msg_type*, unsigned long*)
 .text.startup.main
                0x08000c78      0x1f4 build/key_controlled_ocillators.o
                0x08000c78                main
 .text.startup._GLOBAL__sub_I__Z15initialize_uartPN5daisy11UartHandlerE
                0x08000e6c       0x34 build/key_controlled_ocillators.o
 .text._ZN5daisy9DaisySeed9ConfigureEv
                0x08000ea0        0x4 ../../../../../../../../../dev/daisy_seed/libDaisy//build\libdaisy.a(daisy_seed.o)
                0x08000ea0                daisy::DaisySeed::Configure()
 .text._ZN5daisy9DaisySeed10StartAudioEPFvPKfPfjE
                0x08000ea4        0x8 ../../../../../../../../../dev/daisy_seed/libDaisy//build\libdaisy.a(daisy_seed.o)
                0x08000ea4                daisy::DaisySeed::StartAudio(void (*)(float const*, float*, unsigned int))
 .text._ZN5daisy9DaisySeed15AudioSampleRateEv
                0x08000eac        0x8 ../../../../../../../../../dev/daisy_seed/libDaisy//build\libdaisy.a(daisy_seed.o)
                0x08000eac                daisy::DaisySeed::AudioSampleRate()
 .text._ZN5daisy9DaisySeed17SetAudioBlockSizeEj
                0x08000eb4       0x38 ../../../../../../../../../dev/daisy_seed/libDaisy//build\libdaisy.a(daisy_seed.o)
                0x08000eb4                daisy::DaisySeed::SetAudioBlockSize(unsigned int)
 .text._ZN5daisy9DaisySeed6SetLedEb
                0x08000eec        0x8 ../../../../../../../../../dev/daisy_seed/libDaisy//build\libdaisy.a(daisy_seed.o)
                0x08000eec                daisy::DaisySeed::SetLed(bool)
 .text._ZN5daisy9DaisySeed17CheckBoardVersionEv
                0x08000ef4       0x6c ../../../../../../../../../dev/daisy_seed/libDaisy//build\libdaisy.a(daisy_seed.o)
                0x08000ef4                daisy::DaisySeed::CheckBoardVersion()
 .text._ZN5daisy9DaisySeed14ConfigureAudioEv
                0x08000f60      0x10c ../../../../../../../../../dev/daisy_seed/libDaisy//build\libdaisy.a(daisy_seed.o)
                0x08000f60                daisy::DaisySeed::ConfigureAudio()
 .text._ZN5daisy9DaisySeed4InitEb
                0x0800106c      0x108 ../../../../../../../../../dev/daisy_seed/libDaisy//build\libdaisy.a(daisy_seed.o)
                0x0800106c                daisy::DaisySeed::Init(bool)
 .text._ZN5daisy6Ak45564InitE12dsy_gpio_pin
                0x08001174       0x44 ../../../../../../../../../dev/daisy_seed/libDaisy//build\libdaisy.a(codec_ak4556.o)
                0x08001174                daisy::Ak4556::Init(dsy_gpio_pin)
 .text._ZN5daisy6Wm873120WriteControlRegisterEht
                0x080011b8       0x3c ../../../../../../../../../dev/daisy_seed/libDaisy//build\libdaisy.a(codec_wm8731.o)
                0x080011b8                daisy::Wm8731::WriteControlRegister(unsigned char, unsigned short)
 .text._ZN5daisy6Wm87314InitERKNS0_6ConfigENS_9I2CHandleE
                0x080011f4      0x1bc ../../../../../../../../../dev/daisy_seed/libDaisy//build\libdaisy.a(codec_wm8731.o)
                0x080011f4                daisy::Wm8731::Init(daisy::Wm8731::Config const&, daisy::I2CHandle)
 .text._ZN11SdramHandle10DeviceInitEv
                0x080013b0       0x98 ../../../../../../../../../dev/daisy_seed/libDaisy//build\libdaisy.a(sdram.o)
                0x080013b0                SdramHandle::DeviceInit()
 .text._ZN11SdramHandle4InitEv
                0x08001448       0x7c ../../../../../../../../../dev/daisy_seed/libDaisy//build\libdaisy.a(sdram.o)
                0x08001448                SdramHandle::Init()
 .text.HAL_SDRAM_MspInit
                0x080014c4      0x1a8 ../../../../../../../../../dev/daisy_seed/libDaisy//build\libdaisy.a(sdram.o)
                0x080014c4                HAL_SDRAM_MspInit
 .text._ZN5daisy11AudioHandle4Impl16InternalCallbackEPlS2_j
                0x0800166c      0xbbc ../../../../../../../../../dev/daisy_seed/libDaisy//build\libdaisy.a(audio.o)
                0x0800166c                daisy::AudioHandle::Impl::InternalCallback(long*, long*, unsigned int)
 .text._ZN5daisy11AudioHandle4InitERKNS0_6ConfigENS_9SaiHandleE
                0x08002228       0x70 ../../../../../../../../../dev/daisy_seed/libDaisy//build\libdaisy.a(audio.o)
                0x08002228                daisy::AudioHandle::Init(daisy::AudioHandle::Config const&, daisy::SaiHandle)
 .text._ZNK5daisy11AudioHandle9GetConfigEv
                0x08002298        0x8 ../../../../../../../../../dev/daisy_seed/libDaisy//build\libdaisy.a(audio.o)
                0x08002298                daisy::AudioHandle::GetConfig() const
 .text._ZN5daisy11AudioHandle12SetBlockSizeEj
                0x080022a0       0x1c ../../../../../../../../../dev/daisy_seed/libDaisy//build\libdaisy.a(audio.o)
                0x080022a0                daisy::AudioHandle::SetBlockSize(unsigned int)
 .text._ZN5daisy11AudioHandle13GetSampleRateEv
                0x080022bc        0x8 ../../../../../../../../../dev/daisy_seed/libDaisy//build\libdaisy.a(audio.o)
                0x080022bc                daisy::AudioHandle::GetSampleRate()
 .text._ZN5daisy11AudioHandle5StartEPFvPKfPfjE
                0x080022c4       0x2c ../../../../../../../../../dev/daisy_seed/libDaisy//build\libdaisy.a(audio.o)
                0x080022c4                daisy::AudioHandle::Start(void (*)(float const*, float*, unsigned int))
 .text.startup._GLOBAL__sub_I__ZN5daisy11AudioHandle4Impl4InitENS0_6ConfigENS_9SaiHandleE
                0x080022f0       0x24 ../../../../../../../../../dev/daisy_seed/libDaisy//build\libdaisy.a(audio.o)
 .text._ZN5daisy9UsbHandleD2Ev
                0x08002314        0x4 ../../../../../../../../../dev/daisy_seed/libDaisy//build\libdaisy.a(logger.o)
                0x08002314                daisy::UsbHandle::~UsbHandle()
                0x08002314                daisy::UsbHandle::~UsbHandle()
 .text._ZN5daisy6LoggerILNS_17LoggerDestinationE1EE11TransmitBufEv
                0x08002318       0x60 ../../../../../../../../../dev/daisy_seed/libDaisy//build\libdaisy.a(logger.o)
                0x08002318                daisy::Logger<(daisy::LoggerDestination)1>::TransmitBuf()
 .text._ZN5daisy6LoggerILNS_17LoggerDestinationE1EE13AppendNewLineEv
                0x08002378       0x60 ../../../../../../../../../dev/daisy_seed/libDaisy//build\libdaisy.a(logger.o)
                0x08002378                daisy::Logger<(daisy::LoggerDestination)1>::AppendNewLine()
 .text._ZN5daisy6LoggerILNS_17LoggerDestinationE1EE10PrintLineVEPKcSt9__va_list
                0x080023d8       0x30 ../../../../../../../../../dev/daisy_seed/libDaisy//build\libdaisy.a(logger.o)
                0x080023d8                daisy::Logger<(daisy::LoggerDestination)1>::PrintLineV(char const*, std::__va_list)
 .text._ZN5daisy6LoggerILNS_17LoggerDestinationE1EE9PrintLineEPKcz
                0x08002408       0x1c ../../../../../../../../../dev/daisy_seed/libDaisy//build\libdaisy.a(logger.o)
                0x08002408                daisy::Logger<(daisy::LoggerDestination)1>::PrintLine(char const*, ...)
 .text._ZN5daisy6LoggerILNS_17LoggerDestinationE1EE8StartLogEb
                0x08002424       0x40 ../../../../../../../../../dev/daisy_seed/libDaisy//build\libdaisy.a(logger.o)
                0x08002424                daisy::Logger<(daisy::LoggerDestination)1>::StartLog(bool)
 .text.startup._GLOBAL__sub_I__ZN5daisy10LoggerImplILNS_17LoggerDestinationE1EE11usb_handle_E
                0x08002464       0x2c ../../../../../../../../../dev/daisy_seed/libDaisy//build\libdaisy.a(logger.o)
 .text.DummyRxCallback
                0x08002490        0x4 ../../../../../../../../../dev/daisy_seed/libDaisy//build\libdaisy.a(usb.o)
                0x08002490                DummyRxCallback
 .text._ZN5daisy9UsbHandle4InitENS0_9UsbPeriphE
                0x08002494      0x10c ../../../../../../../../../dev/daisy_seed/libDaisy//build\libdaisy.a(usb.o)
                0x08002494                daisy::UsbHandle::Init(daisy::UsbHandle::UsbPeriph)
 .text._ZN5daisy9UsbHandle16TransmitInternalEPhj
                0x080025a0       0x14 ../../../../../../../../../dev/daisy_seed/libDaisy//build\libdaisy.a(usb.o)
                0x080025a0                daisy::UsbHandle::TransmitInternal(unsigned char*, unsigned int)
 .text.OTG_FS_EP1_OUT_IRQHandler
                0x080025b4        0xc ../../../../../../../../../dev/daisy_seed/libDaisy//build\libdaisy.a(usb.o)
                0x080025b4                OTG_FS_EP1_OUT_IRQHandler
 .text.OTG_FS_EP1_IN_IRQHandler
                0x080025c0        0xc ../../../../../../../../../dev/daisy_seed/libDaisy//build\libdaisy.a(usb.o)
                0x080025c0                OTG_FS_EP1_IN_IRQHandler
 .text.OTG_FS_IRQHandler
                0x080025cc        0xc ../../../../../../../../../dev/daisy_seed/libDaisy//build\libdaisy.a(usb.o)
                0x080025cc                OTG_FS_IRQHandler
 .text._ZN5daisy4GPIO4InitENS_3PinENS0_4ModeENS0_4PullENS0_5SpeedE
                0x080025d8      0x1cc ../../../../../../../../../dev/daisy_seed/libDaisy//build\libdaisy.a(gpio.o)
                0x080025d8                daisy::GPIO::Init(daisy::Pin, daisy::GPIO::Mode, daisy::GPIO::Pull, daisy::GPIO::Speed)
 .text._ZN5daisy4GPIO4ReadEv
                0x080027a4       0x18 ../../../../../../../../../dev/daisy_seed/libDaisy//build\libdaisy.a(gpio.o)
                0x080027a4                daisy::GPIO::Read()
 .text._ZN5daisy4GPIO5WriteEb
                0x080027bc       0x14 ../../../../../../../../../dev/daisy_seed/libDaisy//build\libdaisy.a(gpio.o)
                0x080027bc                daisy::GPIO::Write(bool)
 .text.dsy_gpio_init
                0x080027d0      0x1b8 ../../../../../../../../../dev/daisy_seed/libDaisy//build\libdaisy.a(gpio.o)
                0x080027d0                dsy_gpio_init
 .text.dsy_gpio_write
                0x08002988       0x24 ../../../../../../../../../dev/daisy_seed/libDaisy//build\libdaisy.a(gpio.o)
                0x08002988                dsy_gpio_write
 .text._ZN5daisy9I2CHandle4Impl8InitPinsEv
                0x080029ac       0x58 ../../../../../../../../../dev/daisy_seed/libDaisy//build\libdaisy.a(i2c.o)
                0x080029ac                daisy::I2CHandle::Impl::InitPins()
 .text.HAL_I2C_MspInit
                0x08002a04      0x1b4 ../../../../../../../../../dev/daisy_seed/libDaisy//build\libdaisy.a(i2c.o)
                0x08002a04                HAL_I2C_MspInit
 .text.dsy_i2c_global_init
                0x08002bb8       0x78 ../../../../../../../../../dev/daisy_seed/libDaisy//build\libdaisy.a(i2c.o)
                0x08002bb8                dsy_i2c_global_init
 .text.DMA1_Stream6_IRQHandler
                0x08002c30       0x34 ../../../../../../../../../dev/daisy_seed/libDaisy//build\libdaisy.a(i2c.o)
                0x08002c30                DMA1_Stream6_IRQHandler
 .text.I2C1_EV_IRQHandler
                0x08002c64        0xc ../../../../../../../../../dev/daisy_seed/libDaisy//build\libdaisy.a(i2c.o)
                0x08002c64                I2C1_EV_IRQHandler
 .text.I2C2_EV_IRQHandler
                0x08002c70        0xc ../../../../../../../../../dev/daisy_seed/libDaisy//build\libdaisy.a(i2c.o)
                0x08002c70                I2C2_EV_IRQHandler
 .text.I2C3_EV_IRQHandler
                0x08002c7c        0xc ../../../../../../../../../dev/daisy_seed/libDaisy//build\libdaisy.a(i2c.o)
                0x08002c7c                I2C3_EV_IRQHandler
 .text._ZN5daisy9I2CHandle4InitERKNS0_6ConfigE
                0x08002c88      0x12c ../../../../../../../../../dev/daisy_seed/libDaisy//build\libdaisy.a(i2c.o)
                0x08002c88                daisy::I2CHandle::Init(daisy::I2CHandle::Config const&)
 .text._ZN5daisy9I2CHandle16TransmitBlockingEtPhtm
                0x08002db4       0x50 ../../../../../../../../../dev/daisy_seed/libDaisy//build\libdaisy.a(i2c.o)
                0x08002db4                daisy::I2CHandle::TransmitBlocking(unsigned short, unsigned char*, unsigned short, unsigned long)
 .text.startup._GLOBAL__sub_I__ZN5daisy9I2CHandle4Impl10GlobalInitEv
                0x08002e04       0x18 ../../../../../../../../../dev/daisy_seed/libDaisy//build\libdaisy.a(i2c.o)
 .text._ZN5daisy10QSPIHandle4Impl11WriteEnableEv
                0x08002e1c       0x8c ../../../../../../../../../dev/daisy_seed/libDaisy//build\libdaisy.a(qspi.o)
                0x08002e1c                daisy::QSPIHandle::Impl::WriteEnable()
 .text._ZN5daisy10QSPIHandle4Impl17DummyCyclesConfigENS0_6Config6DeviceE
                0x08002ea8      0x118 ../../../../../../../../../dev/daisy_seed/libDaisy//build\libdaisy.a(qspi.o)
                0x08002ea8                daisy::QSPIHandle::Impl::DummyCyclesConfig(daisy::QSPIHandle::Config::Device)
 .text._ZN5daisy10QSPIHandle4Impl10QuadEnableEv
                0x08002fc0      0x158 ../../../../../../../../../dev/daisy_seed/libDaisy//build\libdaisy.a(qspi.o)
                0x08002fc0                daisy::QSPIHandle::Impl::QuadEnable()
 .text._ZN5daisy10QSPIHandle4InitERKNS0_6ConfigE
                0x08003118      0x198 ../../../../../../../../../dev/daisy_seed/libDaisy//build\libdaisy.a(qspi.o)
                0x08003118                daisy::QSPIHandle::Init(daisy::QSPIHandle::Config const&)
 .text.HAL_QSPI_MspInit
                0x080032b0      0x11c ../../../../../../../../../dev/daisy_seed/libDaisy//build\libdaisy.a(qspi.o)
                0x080032b0                HAL_QSPI_MspInit
 .text.HAL_QSPI_MspDeInit
                0x080033cc       0x54 ../../../../../../../../../dev/daisy_seed/libDaisy//build\libdaisy.a(qspi.o)
                0x080033cc                HAL_QSPI_MspDeInit
 .text.QUADSPI_IRQHandler
                0x08003420        0xc ../../../../../../../../../dev/daisy_seed/libDaisy//build\libdaisy.a(qspi.o)
                0x08003420                QUADSPI_IRQHandler
 .text.startup._GLOBAL__sub_I__ZN5daisy10QSPIHandle4Impl4InitERKNS0_6ConfigE
                0x0800342c       0x28 ../../../../../../../../../dev/daisy_seed/libDaisy//build\libdaisy.a(qspi.o)
 .text._ZN5daisy9SaiHandle4Impl7InitDmaENS1_15PeripheralBlockE
                0x08003454       0xa0 ../../../../../../../../../dev/daisy_seed/libDaisy//build\libdaisy.a(sai.o)
                0x08003454                daisy::SaiHandle::Impl::InitDma(daisy::SaiHandle::Impl::PeripheralBlock)
 .text._ZN5daisy9SaiHandle4Impl8InitPinsEv
                0x080034f4       0xa8 ../../../../../../../../../dev/daisy_seed/libDaisy//build\libdaisy.a(sai.o)
                0x080034f4                daisy::SaiHandle::Impl::InitPins()
 .text.HAL_SAI_MspInit
                0x0800359c      0x164 ../../../../../../../../../dev/daisy_seed/libDaisy//build\libdaisy.a(sai.o)
                0x0800359c                HAL_SAI_MspInit
 .text.DMA1_Stream0_IRQHandler
                0x08003700        0xc ../../../../../../../../../dev/daisy_seed/libDaisy//build\libdaisy.a(sai.o)
                0x08003700                DMA1_Stream0_IRQHandler
 .text.DMA1_Stream1_IRQHandler
                0x0800370c        0xc ../../../../../../../../../dev/daisy_seed/libDaisy//build\libdaisy.a(sai.o)
                0x0800370c                DMA1_Stream1_IRQHandler
 .text.DMA1_Stream3_IRQHandler
                0x08003718        0xc ../../../../../../../../../dev/daisy_seed/libDaisy//build\libdaisy.a(sai.o)
                0x08003718                DMA1_Stream3_IRQHandler
 .text.DMA1_Stream4_IRQHandler
                0x08003724        0xc ../../../../../../../../../dev/daisy_seed/libDaisy//build\libdaisy.a(sai.o)
                0x08003724                DMA1_Stream4_IRQHandler
 .text.HAL_SAI_RxHalfCpltCallback
                0x08003730       0x78 ../../../../../../../../../dev/daisy_seed/libDaisy//build\libdaisy.a(sai.o)
                0x08003730                HAL_SAI_RxHalfCpltCallback
 .text.HAL_SAI_RxCpltCallback
                0x080037a8       0x70 ../../../../../../../../../dev/daisy_seed/libDaisy//build\libdaisy.a(sai.o)
                0x080037a8                HAL_SAI_RxCpltCallback
 .text._ZN5daisy9SaiHandle4InitERKNS0_6ConfigE
                0x08003818      0x1f0 ../../../../../../../../../dev/daisy_seed/libDaisy//build\libdaisy.a(sai.o)
                0x08003818                daisy::SaiHandle::Init(daisy::SaiHandle::Config const&)
 .text._ZNK5daisy9SaiHandle9GetConfigEv
                0x08003a08        0x4 ../../../../../../../../../dev/daisy_seed/libDaisy//build\libdaisy.a(sai.o)
                0x08003a08                daisy::SaiHandle::GetConfig() const
 .text._ZN5daisy9SaiHandle8StartDmaEPlS1_jPFvS1_S1_jE
                0x08003a0c       0xbc ../../../../../../../../../dev/daisy_seed/libDaisy//build\libdaisy.a(sai.o)
                0x08003a0c                daisy::SaiHandle::StartDma(long*, long*, unsigned int, void (*)(long*, long*, unsigned int))
 .text._ZN5daisy9SaiHandle13GetSampleRateEv
                0x08003ac8       0x24 ../../../../../../../../../dev/daisy_seed/libDaisy//build\libdaisy.a(sai.o)
                0x08003ac8                daisy::SaiHandle::GetSampleRate()
 .text._ZNK5daisy9SaiHandle9GetOffsetEv
                0x08003aec        0x8 ../../../../../../../../../dev/daisy_seed/libDaisy//build\libdaisy.a(sai.o)
                0x08003aec                daisy::SaiHandle::GetOffset() const
 .text._ZL20UART_CheckRxListenerPN5daisy11UartHandler4ImplE
                0x08003af4       0x84 ../../../../../../../../../dev/daisy_seed/libDaisy//build\libdaisy.a(uart.o)
 .text._ZN5daisy11UartHandler4Impl10StartDmaTxEPhjPFvPvEPFvS3_NS0_6ResultEES3_
                0x08003b78      0x184 ../../../../../../../../../dev/daisy_seed/libDaisy//build\libdaisy.a(uart.o)
                0x08003b78                daisy::UartHandler::Impl::StartDmaTx(unsigned char*, unsigned int, void (*)(void*), void (*)(void*, daisy::UartHandler::Result), void*)
 .text._ZN5daisy11UartHandler4Impl10StartDmaRxEPhjPFvPvEPFvS3_NS0_6ResultEES3_
                0x08003cfc      0x184 ../../../../../../../../../dev/daisy_seed/libDaisy//build\libdaisy.a(uart.o)
                0x08003cfc                daisy::UartHandler::Impl::StartDmaRx(unsigned char*, unsigned int, void (*)(void*), void (*)(void*, daisy::UartHandler::Result), void*)
 .text._ZN5daisy11UartHandler4Impl19DmaTransferFinishedEP20__UART_HandleTypeDefNS0_6ResultE
                0x08003e80       0xc0 ../../../../../../../../../dev/daisy_seed/libDaisy//build\libdaisy.a(uart.o)
                0x08003e80                daisy::UartHandler::Impl::DmaTransferFinished(__UART_HandleTypeDef*, daisy::UartHandler::Result)
 .text._ZN5daisy11UartHandler4Impl8InitPinsEv
                0x08003f40      0x154 ../../../../../../../../../dev/daisy_seed/libDaisy//build\libdaisy.a(uart.o)
                0x08003f40                daisy::UartHandler::Impl::InitPins()
 .text.HAL_UART_MspInit
                0x08004094      0x210 ../../../../../../../../../dev/daisy_seed/libDaisy//build\libdaisy.a(uart.o)
                0x08004094                HAL_UART_MspInit
 .text.dsy_uart_global_init
                0x080042a4      0x110 ../../../../../../../../../dev/daisy_seed/libDaisy//build\libdaisy.a(uart.o)
                0x080042a4                dsy_uart_global_init
 .text.USART1_IRQHandler
                0x080043b4       0x2c ../../../../../../../../../dev/daisy_seed/libDaisy//build\libdaisy.a(uart.o)
                0x080043b4                USART1_IRQHandler
 .text.USART2_IRQHandler
                0x080043e0       0x34 ../../../../../../../../../dev/daisy_seed/libDaisy//build\libdaisy.a(uart.o)
                0x080043e0                USART2_IRQHandler
 .text.USART3_IRQHandler
                0x08004414       0x34 ../../../../../../../../../dev/daisy_seed/libDaisy//build\libdaisy.a(uart.o)
                0x08004414                USART3_IRQHandler
 .text.UART4_IRQHandler
                0x08004448       0x34 ../../../../../../../../../dev/daisy_seed/libDaisy//build\libdaisy.a(uart.o)
                0x08004448                UART4_IRQHandler
 .text.UART5_IRQHandler
                0x0800447c       0x34 ../../../../../../../../../dev/daisy_seed/libDaisy//build\libdaisy.a(uart.o)
                0x0800447c                UART5_IRQHandler
 .text.USART6_IRQHandler
                0x080044b0       0x34 ../../../../../../../../../dev/daisy_seed/libDaisy//build\libdaisy.a(uart.o)
                0x080044b0                USART6_IRQHandler
 .text.UART7_IRQHandler
                0x080044e4       0x34 ../../../../../../../../../dev/daisy_seed/libDaisy//build\libdaisy.a(uart.o)
                0x080044e4                UART7_IRQHandler
 .text.UART8_IRQHandler
                0x08004518       0x34 ../../../../../../../../../dev/daisy_seed/libDaisy//build\libdaisy.a(uart.o)
                0x08004518                UART8_IRQHandler
 .text.LPUART1_IRQHandler
                0x0800454c       0x34 ../../../../../../../../../dev/daisy_seed/libDaisy//build\libdaisy.a(uart.o)
                0x0800454c                LPUART1_IRQHandler
 .text.DMA1_Stream5_IRQHandler
                0x08004580       0x34 ../../../../../../../../../dev/daisy_seed/libDaisy//build\libdaisy.a(uart.o)
                0x08004580                DMA1_Stream5_IRQHandler
 .text.DMA2_Stream4_IRQHandler
                0x080045b4       0x38 ../../../../../../../../../dev/daisy_seed/libDaisy//build\libdaisy.a(uart.o)
                0x080045b4                DMA2_Stream4_IRQHandler
 .text.HAL_UART_TxCpltCallback
                0x080045ec        0x8 ../../../../../../../../../dev/daisy_seed/libDaisy//build\libdaisy.a(uart.o)
                0x080045ec                HAL_UART_TxCpltCallback
 .text.HAL_UART_RxCpltCallback
                0x080045f4       0x94 ../../../../../../../../../dev/daisy_seed/libDaisy//build\libdaisy.a(uart.o)
                0x080045f4                HAL_UART_RxCpltCallback
 .text.HAL_UART_RxHalfCpltCallback
                0x08004688       0x90 ../../../../../../../../../dev/daisy_seed/libDaisy//build\libdaisy.a(uart.o)
                0x08004688                HAL_UART_RxHalfCpltCallback
 .text.HAL_UART_ErrorCallback
                0x08004718        0x8 ../../../../../../../../../dev/daisy_seed/libDaisy//build\libdaisy.a(uart.o)
                0x08004718                HAL_UART_ErrorCallback
 .text._ZN5daisy11UartHandler4InitERKNS0_6ConfigE
                0x08004720       0xd4 ../../../../../../../../../dev/daisy_seed/libDaisy//build\libdaisy.a(uart.o)
                0x08004720                daisy::UartHandler::Init(daisy::UartHandler::Config const&)
 .text._ZN5daisy11UartHandler15BlockingReceiveEPhtm
                0x080047f4       0x14 ../../../../../../../../../dev/daisy_seed/libDaisy//build\libdaisy.a(uart.o)
                0x080047f4                daisy::UartHandler::BlockingReceive(unsigned char*, unsigned short, unsigned long)
 .text.startup._GLOBAL__sub_I__Z19MapInstanceToHandleP13USART_TypeDef
                0x08004808      0x194 ../../../../../../../../../dev/daisy_seed/libDaisy//build\libdaisy.a(uart.o)
 .text.dsy_dma_init
                0x0800499c      0x100 ../../../../../../../../../dev/daisy_seed/libDaisy//build\libdaisy.a(dma.o)
                0x0800499c                dsy_dma_init
 .text.dsy_dma_invalidate_cache_for_buffer
                0x08004a9c       0x2c ../../../../../../../../../dev/daisy_seed/libDaisy//build\libdaisy.a(dma.o)
                0x08004a9c                dsy_dma_invalidate_cache_for_buffer
 .text._ZN5daisy11TimerHandleD2Ev
                0x08004ac8        0x4 ../../../../../../../../../dev/daisy_seed/libDaisy//build\libdaisy.a(system.o)
                0x08004ac8                daisy::TimerHandle::~TimerHandle()
                0x08004ac8                daisy::TimerHandle::~TimerHandle()
 .text.SysTick_Handler
                0x08004acc       0x10 ../../../../../../../../../dev/daisy_seed/libDaisy//build\libdaisy.a(system.o)
                0x08004acc                SysTick_Handler
 .text.OTG_HS_EP1_OUT_IRQHandler
                0x08004adc       0x24 ../../../../../../../../../dev/daisy_seed/libDaisy//build\libdaisy.a(system.o)
                0x08004adc                OTG_HS_EP1_OUT_IRQHandler
 .text.OTG_HS_EP1_IN_IRQHandler
                0x08004b00       0x24 ../../../../../../../../../dev/daisy_seed/libDaisy//build\libdaisy.a(system.o)
                0x08004b00                OTG_HS_EP1_IN_IRQHandler
 .text.OTG_HS_IRQHandler
                0x08004b24       0x24 ../../../../../../../../../dev/daisy_seed/libDaisy//build\libdaisy.a(system.o)
                0x08004b24                OTG_HS_IRQHandler
 .text.HardFault_Handler
                0x08004b48       0xe0 ../../../../../../../../../dev/daisy_seed/libDaisy//build\libdaisy.a(system.o)
                0x08004b48                HardFault_Handler
 .text._ZN5daisy6System5DelayEm
                0x08004c28        0x4 ../../../../../../../../../dev/daisy_seed/libDaisy//build\libdaisy.a(system.o)
                0x08004c28                daisy::System::Delay(unsigned long)
 .text._ZN5daisy6System20GetBootloaderVersionEv
                0x08004c2c       0x34 ../../../../../../../../../dev/daisy_seed/libDaisy//build\libdaisy.a(system.o)
                0x08004c2c                daisy::System::GetBootloaderVersion()
 .text._ZN5daisy6System15ConfigureClocksEv
                0x08004c60      0x194 ../../../../../../../../../dev/daisy_seed/libDaisy//build\libdaisy.a(system.o)
                0x08004c60                daisy::System::ConfigureClocks()
 .text._ZN5daisy6System12ConfigureMpuEv
                0x08004df4       0x7c ../../../../../../../../../dev/daisy_seed/libDaisy//build\libdaisy.a(system.o)
                0x08004df4                daisy::System::ConfigureMpu()
 .text._ZN5daisy6System4InitERKNS0_6ConfigE
                0x08004e70       0xec ../../../../../../../../../dev/daisy_seed/libDaisy//build\libdaisy.a(system.o)
                0x08004e70                daisy::System::Init(daisy::System::Config const&)
 .text._ZN5daisy6System12GetPClk1FreqEv
                0x08004f5c        0x4 ../../../../../../../../../dev/daisy_seed/libDaisy//build\libdaisy.a(system.o)
                0x08004f5c                daisy::System::GetPClk1Freq()
 .text._ZN5daisy6System22GetProgramMemoryRegionEv
                0x08004f60       0x78 ../../../../../../../../../dev/daisy_seed/libDaisy//build\libdaisy.a(system.o)
                0x08004f60                daisy::System::GetProgramMemoryRegion()
 .text.startup._GLOBAL__sub_I__ZN5daisy9boot_infoE
                0x08004fd8       0x1c ../../../../../../../../../dev/daisy_seed/libDaisy//build\libdaisy.a(system.o)
 .text.SystemInit
                0x08004ff4       0x9c ../../../../../../../../../dev/daisy_seed/libDaisy//build\libdaisy.a(system_stm32h7xx.o)
                0x08004ff4                SystemInit
 .text.dummy_rx_callback
                0x08005090        0x4 ../../../../../../../../../dev/daisy_seed/libDaisy//build\libdaisy.a(usbd_cdc_if.o)
                0x08005090                dummy_rx_callback
 .text.CDC_DeInit_FS
                0x08005094        0x4 ../../../../../../../../../dev/daisy_seed/libDaisy//build\libdaisy.a(usbd_cdc_if.o)
 .text.CDC_Receive_FS
                0x08005098       0x2c ../../../../../../../../../dev/daisy_seed/libDaisy//build\libdaisy.a(usbd_cdc_if.o)
 .text.CDC_Receive_HS
                0x080050c4       0x2c ../../../../../../../../../dev/daisy_seed/libDaisy//build\libdaisy.a(usbd_cdc_if.o)
 .text.CDC_Init_FS
                0x080050f0       0x3c ../../../../../../../../../dev/daisy_seed/libDaisy//build\libdaisy.a(usbd_cdc_if.o)
 .text.CDC_Init_HS
                0x0800512c       0x3c ../../../../../../../../../dev/daisy_seed/libDaisy//build\libdaisy.a(usbd_cdc_if.o)
 .text.CDC_Control_FS
                0x08005168       0x34 ../../../../../../../../../dev/daisy_seed/libDaisy//build\libdaisy.a(usbd_cdc_if.o)
 .text.CDC_Control_HS
                0x0800519c       0x34 ../../../../../../../../../dev/daisy_seed/libDaisy//build\libdaisy.a(usbd_cdc_if.o)
 .text.CDC_DeInit_HS
                0x080051d0        0x4 ../../../../../../../../../dev/daisy_seed/libDaisy//build\libdaisy.a(usbd_cdc_if.o)
 .text.CDC_Transmit_FS
                0x080051d4       0x2c ../../../../../../../../../dev/daisy_seed/libDaisy//build\libdaisy.a(usbd_cdc_if.o)
                0x080051d4                CDC_Transmit_FS
 .text.HAL_PCD_MspInit
                0x08005200      0x144 ../../../../../../../../../dev/daisy_seed/libDaisy//build\libdaisy.a(usbd_conf.o)
                0x08005200                HAL_PCD_MspInit
 .text.HAL_PCD_SetupStageCallback
                0x08005344        0xc ../../../../../../../../../dev/daisy_seed/libDaisy//build\libdaisy.a(usbd_conf.o)
                0x08005344                HAL_PCD_SetupStageCallback
 .text.HAL_PCD_DataOutStageCallback
                0x08005350       0x14 ../../../../../../../../../dev/daisy_seed/libDaisy//build\libdaisy.a(usbd_conf.o)
                0x08005350                HAL_PCD_DataOutStageCallback
 .text.HAL_PCD_DataInStageCallback
                0x08005364       0x14 ../../../../../../../../../dev/daisy_seed/libDaisy//build\libdaisy.a(usbd_conf.o)
                0x08005364                HAL_PCD_DataInStageCallback
 .text.HAL_PCD_SOFCallback
                0x08005378        0x8 ../../../../../../../../../dev/daisy_seed/libDaisy//build\libdaisy.a(usbd_conf.o)
                0x08005378                HAL_PCD_SOFCallback
 .text.HAL_PCD_ResetCallback
                0x08005380       0x24 ../../../../../../../../../dev/daisy_seed/libDaisy//build\libdaisy.a(usbd_conf.o)
                0x08005380                HAL_PCD_ResetCallback
 .text.HAL_PCD_SuspendCallback
                0x080053a4       0x30 ../../../../../../../../../dev/daisy_seed/libDaisy//build\libdaisy.a(usbd_conf.o)
                0x080053a4                HAL_PCD_SuspendCallback
 .text.HAL_PCD_ResumeCallback
                0x080053d4        0x8 ../../../../../../../../../dev/daisy_seed/libDaisy//build\libdaisy.a(usbd_conf.o)
                0x080053d4                HAL_PCD_ResumeCallback
 .text.HAL_PCD_ISOOUTIncompleteCallback
                0x080053dc        0x8 ../../../../../../../../../dev/daisy_seed/libDaisy//build\libdaisy.a(usbd_conf.o)
                0x080053dc                HAL_PCD_ISOOUTIncompleteCallback
 .text.HAL_PCD_ISOINIncompleteCallback
                0x080053e4        0x8 ../../../../../../../../../dev/daisy_seed/libDaisy//build\libdaisy.a(usbd_conf.o)
                0x080053e4                HAL_PCD_ISOINIncompleteCallback
 .text.HAL_PCD_ConnectCallback
                0x080053ec        0x8 ../../../../../../../../../dev/daisy_seed/libDaisy//build\libdaisy.a(usbd_conf.o)
                0x080053ec                HAL_PCD_ConnectCallback
 .text.HAL_PCD_DisconnectCallback
                0x080053f4        0x8 ../../../../../../../../../dev/daisy_seed/libDaisy//build\libdaisy.a(usbd_conf.o)
                0x080053f4                HAL_PCD_DisconnectCallback
 .text.USBD_LL_Init
                0x080053fc       0xe4 ../../../../../../../../../dev/daisy_seed/libDaisy//build\libdaisy.a(usbd_conf.o)
                0x080053fc                USBD_LL_Init
 .text.USBD_LL_Start
                0x080054e0       0x1c ../../../../../../../../../dev/daisy_seed/libDaisy//build\libdaisy.a(usbd_conf.o)
                0x080054e0                USBD_LL_Start
 .text.USBD_LL_OpenEP
                0x080054fc       0x24 ../../../../../../../../../dev/daisy_seed/libDaisy//build\libdaisy.a(usbd_conf.o)
                0x080054fc                USBD_LL_OpenEP
 .text.USBD_LL_CloseEP
                0x08005520       0x1c ../../../../../../../../../dev/daisy_seed/libDaisy//build\libdaisy.a(usbd_conf.o)
                0x08005520                USBD_LL_CloseEP
 .text.USBD_LL_StallEP
                0x0800553c       0x1c ../../../../../../../../../dev/daisy_seed/libDaisy//build\libdaisy.a(usbd_conf.o)
                0x0800553c                USBD_LL_StallEP
 .text.USBD_LL_ClearStallEP
                0x08005558       0x1c ../../../../../../../../../dev/daisy_seed/libDaisy//build\libdaisy.a(usbd_conf.o)
                0x08005558                USBD_LL_ClearStallEP
 .text.USBD_LL_IsStallEP
                0x08005574       0x28 ../../../../../../../../../dev/daisy_seed/libDaisy//build\libdaisy.a(usbd_conf.o)
                0x08005574                USBD_LL_IsStallEP
 .text.USBD_LL_SetUSBAddress
                0x0800559c       0x1c ../../../../../../../../../dev/daisy_seed/libDaisy//build\libdaisy.a(usbd_conf.o)
                0x0800559c                USBD_LL_SetUSBAddress
 .text.USBD_LL_Transmit
                0x080055b8       0x1c ../../../../../../../../../dev/daisy_seed/libDaisy//build\libdaisy.a(usbd_conf.o)
                0x080055b8                USBD_LL_Transmit
 .text.USBD_LL_PrepareReceive
                0x080055d4       0x1c ../../../../../../../../../dev/daisy_seed/libDaisy//build\libdaisy.a(usbd_conf.o)
                0x080055d4                USBD_LL_PrepareReceive
 .text.USBD_LL_GetRxDataSize
                0x080055f0        0x8 ../../../../../../../../../dev/daisy_seed/libDaisy//build\libdaisy.a(usbd_conf.o)
                0x080055f0                USBD_LL_GetRxDataSize
 .text.USBD_HS_DeviceDescriptor
                0x080055f8        0xc ../../../../../../../../../dev/daisy_seed/libDaisy//build\libdaisy.a(usbd_desc.o)
                0x080055f8                USBD_HS_DeviceDescriptor
 .text.USBD_FS_DeviceDescriptor
                0x08005604        0xc ../../../../../../../../../dev/daisy_seed/libDaisy//build\libdaisy.a(usbd_desc.o)
                0x08005604                USBD_FS_DeviceDescriptor
 .text.USBD_FS_LangIDStrDescriptor
                0x08005610        0xc ../../../../../../../../../dev/daisy_seed/libDaisy//build\libdaisy.a(usbd_desc.o)
                0x08005610                USBD_FS_LangIDStrDescriptor
 .text.USBD_FS_ManufacturerStrDescriptor
                0x0800561c       0x1c ../../../../../../../../../dev/daisy_seed/libDaisy//build\libdaisy.a(usbd_desc.o)
                0x0800561c                USBD_FS_ManufacturerStrDescriptor
 .text.USBD_HS_ProductStrDescriptor
                0x08005638       0x1c ../../../../../../../../../dev/daisy_seed/libDaisy//build\libdaisy.a(usbd_desc.o)
                0x08005638                USBD_HS_ProductStrDescriptor
 .text.USBD_FS_ConfigStrDescriptor
                0x08005654       0x1c ../../../../../../../../../dev/daisy_seed/libDaisy//build\libdaisy.a(usbd_desc.o)
                0x08005654                USBD_FS_ConfigStrDescriptor
 .text.USBD_FS_InterfaceStrDescriptor
                0x08005670       0x1c ../../../../../../../../../dev/daisy_seed/libDaisy//build\libdaisy.a(usbd_desc.o)
                0x08005670                USBD_FS_InterfaceStrDescriptor
 .text.USBD_FS_ProductStrDescriptor
                0x0800568c       0x1c ../../../../../../../../../dev/daisy_seed/libDaisy//build\libdaisy.a(usbd_desc.o)
                0x0800568c                USBD_FS_ProductStrDescriptor
 .text.USBD_HS_LangIDStrDescriptor
                0x080056a8        0xc ../../../../../../../../../dev/daisy_seed/libDaisy//build\libdaisy.a(usbd_desc.o)
                0x080056a8                USBD_HS_LangIDStrDescriptor
 .text.USBD_HS_ManufacturerStrDescriptor
                0x080056b4       0x1c ../../../../../../../../../dev/daisy_seed/libDaisy//build\libdaisy.a(usbd_desc.o)
                0x080056b4                USBD_HS_ManufacturerStrDescriptor
 .text.USBD_FS_SerialStrDescriptor
                0x080056d0      0x124 ../../../../../../../../../dev/daisy_seed/libDaisy//build\libdaisy.a(usbd_desc.o)
                0x080056d0                USBD_FS_SerialStrDescriptor
 .text.USBD_HS_SerialStrDescriptor
                0x080057f4      0x124 ../../../../../../../../../dev/daisy_seed/libDaisy//build\libdaisy.a(usbd_desc.o)
                0x080057f4                USBD_HS_SerialStrDescriptor
 .text.USBD_HS_InterfaceStrDescriptor
                0x08005918       0x1c ../../../../../../../../../dev/daisy_seed/libDaisy//build\libdaisy.a(usbd_desc.o)
                0x08005918                USBD_HS_InterfaceStrDescriptor
 .text.USBD_HS_ConfigStrDescriptor
                0x08005934       0x1c ../../../../../../../../../dev/daisy_seed/libDaisy//build\libdaisy.a(usbd_desc.o)
                0x08005934                USBD_HS_ConfigStrDescriptor
 .text.HAL_HCD_SOF_Callback
                0x08005950        0x8 ../../../../../../../../../dev/daisy_seed/libDaisy//build\libdaisy.a(usbh_conf.o)
                0x08005950                HAL_HCD_SOF_Callback
 .text.HAL_HCD_Connect_Callback
                0x08005958        0x8 ../../../../../../../../../dev/daisy_seed/libDaisy//build\libdaisy.a(usbh_conf.o)
                0x08005958                HAL_HCD_Connect_Callback
 .text.HAL_HCD_Disconnect_Callback
                0x08005960        0x8 ../../../../../../../../../dev/daisy_seed/libDaisy//build\libdaisy.a(usbh_conf.o)
                0x08005960                HAL_HCD_Disconnect_Callback
 .text.HAL_HCD_HC_NotifyURBChange_Callback
                0x08005968        0x4 ../../../../../../../../../dev/daisy_seed/libDaisy//build\libdaisy.a(usbh_conf.o)
                0x08005968                HAL_HCD_HC_NotifyURBChange_Callback
 .text.HAL_HCD_PortEnabled_Callback
                0x0800596c        0x8 ../../../../../../../../../dev/daisy_seed/libDaisy//build\libdaisy.a(usbh_conf.o)
                0x0800596c                HAL_HCD_PortEnabled_Callback
 .text.HAL_HCD_PortDisabled_Callback
                0x08005974        0x8 ../../../../../../../../../dev/daisy_seed/libDaisy//build\libdaisy.a(usbh_conf.o)
                0x08005974                HAL_HCD_PortDisabled_Callback
 .text.USBH_LL_Stop
                0x0800597c       0x1c ../../../../../../../../../dev/daisy_seed/libDaisy//build\libdaisy.a(usbh_conf.o)
                0x0800597c                USBH_LL_Stop
 .text.dsy_hal_map_get_port
                0x08005998       0x10 ../../../../../../../../../dev/daisy_seed/libDaisy//build\libdaisy.a(hal_map.o)
                0x08005998                dsy_hal_map_get_port
 .text.dsy_hal_map_get_pin
                0x080059a8       0x10 ../../../../../../../../../dev/daisy_seed/libDaisy//build\libdaisy.a(hal_map.o)
                0x080059a8                dsy_hal_map_get_pin
 .text.dsy_hal_map_gpio_clk_enable
                0x080059b8      0x150 ../../../../../../../../../dev/daisy_seed/libDaisy//build\libdaisy.a(hal_map.o)
                0x080059b8                dsy_hal_map_gpio_clk_enable
 .text.HAL_MspInit
                0x08005b08        0x4 ../../../../../../../../../dev/daisy_seed/libDaisy//build\libdaisy.a(stm32h7xx_hal.o)
                0x08005b08                HAL_MspInit
 .text.HAL_InitTick
                0x08005b0c       0x4c ../../../../../../../../../dev/daisy_seed/libDaisy//build\libdaisy.a(stm32h7xx_hal.o)
                0x08005b0c                HAL_InitTick
 .text.HAL_Init
                0x08005b58       0x60 ../../../../../../../../../dev/daisy_seed/libDaisy//build\libdaisy.a(stm32h7xx_hal.o)
                0x08005b58                HAL_Init
 .text.HAL_IncTick
                0x08005bb8       0x18 ../../../../../../../../../dev/daisy_seed/libDaisy//build\libdaisy.a(stm32h7xx_hal.o)
                0x08005bb8                HAL_IncTick
 .text.HAL_GetTick
                0x08005bd0        0xc ../../../../../../../../../dev/daisy_seed/libDaisy//build\libdaisy.a(stm32h7xx_hal.o)
                0x08005bd0                HAL_GetTick
 .text.HAL_Delay
                0x08005bdc       0x24 ../../../../../../../../../dev/daisy_seed/libDaisy//build\libdaisy.a(stm32h7xx_hal.o)
                0x08005bdc                HAL_Delay
 .text.HAL_GetREVID
                0x08005c00        0xc ../../../../../../../../../dev/daisy_seed/libDaisy//build\libdaisy.a(stm32h7xx_hal.o)
                0x08005c00                HAL_GetREVID
 .text.HAL_NVIC_SetPriorityGrouping
                0x08005c0c       0x24 ../../../../../../../../../dev/daisy_seed/libDaisy//build\libdaisy.a(stm32h7xx_hal_cortex.o)
                0x08005c0c                HAL_NVIC_SetPriorityGrouping
 .text.HAL_NVIC_SetPriority
                0x08005c30       0x7c ../../../../../../../../../dev/daisy_seed/libDaisy//build\libdaisy.a(stm32h7xx_hal_cortex.o)
                0x08005c30                HAL_NVIC_SetPriority
 .text.HAL_NVIC_EnableIRQ
                0x08005cac       0x1c ../../../../../../../../../dev/daisy_seed/libDaisy//build\libdaisy.a(stm32h7xx_hal_cortex.o)
                0x08005cac                HAL_NVIC_EnableIRQ
 .text.HAL_NVIC_DisableIRQ
                0x08005cc8       0x28 ../../../../../../../../../dev/daisy_seed/libDaisy//build\libdaisy.a(stm32h7xx_hal_cortex.o)
                0x08005cc8                HAL_NVIC_DisableIRQ
 .text.HAL_SYSTICK_Config
                0x08005cf0       0x2c ../../../../../../../../../dev/daisy_seed/libDaisy//build\libdaisy.a(stm32h7xx_hal_cortex.o)
                0x08005cf0                HAL_SYSTICK_Config
 .text.HAL_MPU_Disable
                0x08005d1c       0x1c ../../../../../../../../../dev/daisy_seed/libDaisy//build\libdaisy.a(stm32h7xx_hal_cortex.o)
                0x08005d1c                HAL_MPU_Disable
 .text.HAL_MPU_Enable
                0x08005d38       0x20 ../../../../../../../../../dev/daisy_seed/libDaisy//build\libdaisy.a(stm32h7xx_hal_cortex.o)
                0x08005d38                HAL_MPU_Enable
 .text.HAL_MPU_ConfigRegion
                0x08005d58       0x64 ../../../../../../../../../dev/daisy_seed/libDaisy//build\libdaisy.a(stm32h7xx_hal_cortex.o)
                0x08005d58                HAL_MPU_ConfigRegion
 .text.HAL_SYSTICK_Callback
                0x08005dbc        0x4 ../../../../../../../../../dev/daisy_seed/libDaisy//build\libdaisy.a(stm32h7xx_hal_cortex.o)
                0x08005dbc                HAL_SYSTICK_Callback
 .text.HAL_SYSTICK_IRQHandler
                0x08005dc0        0x8 ../../../../../../../../../dev/daisy_seed/libDaisy//build\libdaisy.a(stm32h7xx_hal_cortex.o)
                0x08005dc0                HAL_SYSTICK_IRQHandler
 .text.DMA_CalcBaseAndBitshift
                0x08005dc8       0xf4 ../../../../../../../../../dev/daisy_seed/libDaisy//build\libdaisy.a(stm32h7xx_hal_dma.o)
 .text.DMA_CalcDMAMUXChannelBaseAndMask
                0x08005ebc       0xd8 ../../../../../../../../../dev/daisy_seed/libDaisy//build\libdaisy.a(stm32h7xx_hal_dma.o)
 .text.HAL_DMA_Init
                0x08005f94      0x37c ../../../../../../../../../dev/daisy_seed/libDaisy//build\libdaisy.a(stm32h7xx_hal_dma.o)
                0x08005f94                HAL_DMA_Init
 .text.HAL_DMA_Start_IT
                0x08006310      0x240 ../../../../../../../../../dev/daisy_seed/libDaisy//build\libdaisy.a(stm32h7xx_hal_dma.o)
                0x08006310                HAL_DMA_Start_IT
 .text.HAL_DMA_Abort_IT
                0x08006550      0x134 ../../../../../../../../../dev/daisy_seed/libDaisy//build\libdaisy.a(stm32h7xx_hal_dma.o)
                0x08006550                HAL_DMA_Abort_IT
 .text.HAL_DMA_IRQHandler
                0x08006684      0x6a0 ../../../../../../../../../dev/daisy_seed/libDaisy//build\libdaisy.a(stm32h7xx_hal_dma.o)
                0x08006684                HAL_DMA_IRQHandler
 .text.HAL_DMA_GetError
                0x08006d24        0x4 ../../../../../../../../../dev/daisy_seed/libDaisy//build\libdaisy.a(stm32h7xx_hal_dma.o)
                0x08006d24                HAL_DMA_GetError
 .text.HAL_GPIO_Init
                0x08006d28      0x280 ../../../../../../../../../dev/daisy_seed/libDaisy//build\libdaisy.a(stm32h7xx_hal_gpio.o)
                0x08006d28                HAL_GPIO_Init
 .text.HAL_GPIO_DeInit
                0x08006fa8      0x190 ../../../../../../../../../dev/daisy_seed/libDaisy//build\libdaisy.a(stm32h7xx_hal_gpio.o)
                0x08006fa8                HAL_GPIO_DeInit
 .text.HAL_GPIO_ReadPin
                0x08007138        0xc ../../../../../../../../../dev/daisy_seed/libDaisy//build\libdaisy.a(stm32h7xx_hal_gpio.o)
                0x08007138                HAL_GPIO_ReadPin
 .text.HAL_GPIO_WritePin
                0x08007144        0x8 ../../../../../../../../../dev/daisy_seed/libDaisy//build\libdaisy.a(stm32h7xx_hal_gpio.o)
                0x08007144                HAL_GPIO_WritePin
 .text.HAL_HCD_IRQHandler
                0x0800714c      0x780 ../../../../../../../../../dev/daisy_seed/libDaisy//build\libdaisy.a(stm32h7xx_hal_hcd.o)
                0x0800714c                HAL_HCD_IRQHandler
 .text.HAL_HCD_Stop
                0x080078cc       0x28 ../../../../../../../../../dev/daisy_seed/libDaisy//build\libdaisy.a(stm32h7xx_hal_hcd.o)
                0x080078cc                HAL_HCD_Stop
 .text.I2C_WaitOnTXISFlagUntilTimeout
                0x080078f4       0xb8 ../../../../../../../../../dev/daisy_seed/libDaisy//build\libdaisy.a(stm32h7xx_hal_i2c.o)
 .text.I2C_WaitOnSTOPFlagUntilTimeout
                0x080079ac       0xac ../../../../../../../../../dev/daisy_seed/libDaisy//build\libdaisy.a(stm32h7xx_hal_i2c.o)
 .text.HAL_I2C_Init
                0x08007a58       0xac ../../../../../../../../../dev/daisy_seed/libDaisy//build\libdaisy.a(stm32h7xx_hal_i2c.o)
                0x08007a58                HAL_I2C_Init
 .text.HAL_I2C_Master_Transmit
                0x08007b04      0x1a8 ../../../../../../../../../dev/daisy_seed/libDaisy//build\libdaisy.a(stm32h7xx_hal_i2c.o)
                0x08007b04                HAL_I2C_Master_Transmit
 .text.HAL_I2C_Slave_Transmit
                0x08007cac      0x1c8 ../../../../../../../../../dev/daisy_seed/libDaisy//build\libdaisy.a(stm32h7xx_hal_i2c.o)
                0x08007cac                HAL_I2C_Slave_Transmit
 .text.HAL_I2C_EV_IRQHandler
                0x08007e74       0x10 ../../../../../../../../../dev/daisy_seed/libDaisy//build\libdaisy.a(stm32h7xx_hal_i2c.o)
                0x08007e74                HAL_I2C_EV_IRQHandler
 .text.HAL_I2C_GetState
                0x08007e84        0x8 ../../../../../../../../../dev/daisy_seed/libDaisy//build\libdaisy.a(stm32h7xx_hal_i2c.o)
                0x08007e84                HAL_I2C_GetState
 .text.HAL_I2CEx_ConfigAnalogFilter
                0x08007e8c       0x54 ../../../../../../../../../dev/daisy_seed/libDaisy//build\libdaisy.a(stm32h7xx_hal_i2c_ex.o)
                0x08007e8c                HAL_I2CEx_ConfigAnalogFilter
 .text.HAL_I2CEx_ConfigDigitalFilter
                0x08007ee0       0x58 ../../../../../../../../../dev/daisy_seed/libDaisy//build\libdaisy.a(stm32h7xx_hal_i2c_ex.o)
                0x08007ee0                HAL_I2CEx_ConfigDigitalFilter
 .text.HAL_PCD_Init
                0x08007f38      0x12c ../../../../../../../../../dev/daisy_seed/libDaisy//build\libdaisy.a(stm32h7xx_hal_pcd.o)
                0x08007f38                HAL_PCD_Init
 .text.HAL_PCD_Start
                0x08008064       0x44 ../../../../../../../../../dev/daisy_seed/libDaisy//build\libdaisy.a(stm32h7xx_hal_pcd.o)
                0x08008064                HAL_PCD_Start
 .text.HAL_PCD_IRQHandler
                0x080080a8      0x69c ../../../../../../../../../dev/daisy_seed/libDaisy//build\libdaisy.a(stm32h7xx_hal_pcd.o)
                0x080080a8                HAL_PCD_IRQHandler
 .text.HAL_PCD_SetAddress
                0x08008744       0x2c ../../../../../../../../../dev/daisy_seed/libDaisy//build\libdaisy.a(stm32h7xx_hal_pcd.o)
                0x08008744                HAL_PCD_SetAddress
 .text.HAL_PCD_EP_Open
                0x08008770       0x7c ../../../../../../../../../dev/daisy_seed/libDaisy//build\libdaisy.a(stm32h7xx_hal_pcd.o)
                0x08008770                HAL_PCD_EP_Open
 .text.HAL_PCD_EP_Close
                0x080087ec       0x6c ../../../../../../../../../dev/daisy_seed/libDaisy//build\libdaisy.a(stm32h7xx_hal_pcd.o)
                0x080087ec                HAL_PCD_EP_Close
 .text.HAL_PCD_EP_Receive
                0x08008858       0x50 ../../../../../../../../../dev/daisy_seed/libDaisy//build\libdaisy.a(stm32h7xx_hal_pcd.o)
                0x08008858                HAL_PCD_EP_Receive
 .text.HAL_PCD_EP_GetRxCount
                0x080088a8       0x14 ../../../../../../../../../dev/daisy_seed/libDaisy//build\libdaisy.a(stm32h7xx_hal_pcd.o)
                0x080088a8                HAL_PCD_EP_GetRxCount
 .text.HAL_PCD_EP_Transmit
                0x080088bc       0x50 ../../../../../../../../../dev/daisy_seed/libDaisy//build\libdaisy.a(stm32h7xx_hal_pcd.o)
                0x080088bc                HAL_PCD_EP_Transmit
 .text.HAL_PCD_EP_SetStall
                0x0800890c       0x88 ../../../../../../../../../dev/daisy_seed/libDaisy//build\libdaisy.a(stm32h7xx_hal_pcd.o)
                0x0800890c                HAL_PCD_EP_SetStall
 .text.HAL_PCD_EP_ClrStall
                0x08008994       0x78 ../../../../../../../../../dev/daisy_seed/libDaisy//build\libdaisy.a(stm32h7xx_hal_pcd.o)
                0x08008994                HAL_PCD_EP_ClrStall
 .text.HAL_PCDEx_SetTxFiFo
                0x08008a0c       0x54 ../../../../../../../../../dev/daisy_seed/libDaisy//build\libdaisy.a(stm32h7xx_hal_pcd_ex.o)
                0x08008a0c                HAL_PCDEx_SetTxFiFo
 .text.HAL_PCDEx_SetRxFiFo
                0x08008a60        0xc ../../../../../../../../../dev/daisy_seed/libDaisy//build\libdaisy.a(stm32h7xx_hal_pcd_ex.o)
                0x08008a60                HAL_PCDEx_SetRxFiFo
 .text.HAL_PCDEx_ActivateLPM
                0x08008a6c       0x30 ../../../../../../../../../dev/daisy_seed/libDaisy//build\libdaisy.a(stm32h7xx_hal_pcd_ex.o)
                0x08008a6c                HAL_PCDEx_ActivateLPM
 .text.HAL_PCDEx_LPM_Callback
                0x08008a9c        0x4 ../../../../../../../../../dev/daisy_seed/libDaisy//build\libdaisy.a(stm32h7xx_hal_pcd_ex.o)
                0x08008a9c                HAL_PCDEx_LPM_Callback
 .text.HAL_PWREx_ConfigSupply
                0x08008aa0       0x4c ../../../../../../../../../dev/daisy_seed/libDaisy//build\libdaisy.a(stm32h7xx_hal_pwr_ex.o)
                0x08008aa0                HAL_PWREx_ConfigSupply
 .text.HAL_PWREx_EnableUSBVoltageDetector
                0x08008aec       0x10 ../../../../../../../../../dev/daisy_seed/libDaisy//build\libdaisy.a(stm32h7xx_hal_pwr_ex.o)
                0x08008aec                HAL_PWREx_EnableUSBVoltageDetector
 .text.QSPI_Config
                0x08008afc      0x174 ../../../../../../../../../dev/daisy_seed/libDaisy//build\libdaisy.a(stm32h7xx_hal_qspi.o)
 .text.HAL_QSPI_Init
                0x08008c70       0xd8 ../../../../../../../../../dev/daisy_seed/libDaisy//build\libdaisy.a(stm32h7xx_hal_qspi.o)
                0x08008c70                HAL_QSPI_Init
 .text.HAL_QSPI_DeInit
                0x08008d48       0x3c ../../../../../../../../../dev/daisy_seed/libDaisy//build\libdaisy.a(stm32h7xx_hal_qspi.o)
                0x08008d48                HAL_QSPI_DeInit
 .text.HAL_QSPI_Command
                0x08008d84       0xd4 ../../../../../../../../../dev/daisy_seed/libDaisy//build\libdaisy.a(stm32h7xx_hal_qspi.o)
                0x08008d84                HAL_QSPI_Command
 .text.HAL_QSPI_Transmit
                0x08008e58       0xfc ../../../../../../../../../dev/daisy_seed/libDaisy//build\libdaisy.a(stm32h7xx_hal_qspi.o)
                0x08008e58                HAL_QSPI_Transmit
 .text.HAL_QSPI_Receive
                0x08008f54      0x108 ../../../../../../../../../dev/daisy_seed/libDaisy//build\libdaisy.a(stm32h7xx_hal_qspi.o)
                0x08008f54                HAL_QSPI_Receive
 .text.HAL_QSPI_AutoPolling
                0x0800905c       0xf0 ../../../../../../../../../dev/daisy_seed/libDaisy//build\libdaisy.a(stm32h7xx_hal_qspi.o)
                0x0800905c                HAL_QSPI_AutoPolling
 .text.HAL_QSPI_MemoryMapped
                0x0800914c       0xc0 ../../../../../../../../../dev/daisy_seed/libDaisy//build\libdaisy.a(stm32h7xx_hal_qspi.o)
                0x0800914c                HAL_QSPI_MemoryMapped
 .text.HAL_QSPI_ErrorCallback
                0x0800920c        0x4 ../../../../../../../../../dev/daisy_seed/libDaisy//build\libdaisy.a(stm32h7xx_hal_qspi.o)
                0x0800920c                HAL_QSPI_ErrorCallback
 .text.QSPI_DMAAbortCplt
                0x08009210       0x38 ../../../../../../../../../dev/daisy_seed/libDaisy//build\libdaisy.a(stm32h7xx_hal_qspi.o)
 .text.HAL_QSPI_AbortCpltCallback
                0x08009248        0x4 ../../../../../../../../../dev/daisy_seed/libDaisy//build\libdaisy.a(stm32h7xx_hal_qspi.o)
                0x08009248                HAL_QSPI_AbortCpltCallback
 .text.HAL_QSPI_CmdCpltCallback
                0x0800924c        0x4 ../../../../../../../../../dev/daisy_seed/libDaisy//build\libdaisy.a(stm32h7xx_hal_qspi.o)
                0x0800924c                HAL_QSPI_CmdCpltCallback
 .text.HAL_QSPI_RxCpltCallback
                0x08009250        0x4 ../../../../../../../../../dev/daisy_seed/libDaisy//build\libdaisy.a(stm32h7xx_hal_qspi.o)
                0x08009250                HAL_QSPI_RxCpltCallback
 .text.HAL_QSPI_TxCpltCallback
                0x08009254        0x4 ../../../../../../../../../dev/daisy_seed/libDaisy//build\libdaisy.a(stm32h7xx_hal_qspi.o)
                0x08009254                HAL_QSPI_TxCpltCallback
 .text.HAL_QSPI_FifoThresholdCallback
                0x08009258        0x4 ../../../../../../../../../dev/daisy_seed/libDaisy//build\libdaisy.a(stm32h7xx_hal_qspi.o)
                0x08009258                HAL_QSPI_FifoThresholdCallback
 .text.HAL_QSPI_StatusMatchCallback
                0x0800925c        0x4 ../../../../../../../../../dev/daisy_seed/libDaisy//build\libdaisy.a(stm32h7xx_hal_qspi.o)
                0x0800925c                HAL_QSPI_StatusMatchCallback
 .text.HAL_QSPI_TimeOutCallback
                0x08009260        0x4 ../../../../../../../../../dev/daisy_seed/libDaisy//build\libdaisy.a(stm32h7xx_hal_qspi.o)
                0x08009260                HAL_QSPI_TimeOutCallback
 .text.HAL_QSPI_IRQHandler
                0x08009264      0x210 ../../../../../../../../../dev/daisy_seed/libDaisy//build\libdaisy.a(stm32h7xx_hal_qspi.o)
                0x08009264                HAL_QSPI_IRQHandler
 .text.HAL_RCC_OscConfig
                0x08009474      0x51c ../../../../../../../../../dev/daisy_seed/libDaisy//build\libdaisy.a(stm32h7xx_hal_rcc.o)
                0x08009474                HAL_RCC_OscConfig
 .text.HAL_RCC_GetSysClockFreq
                0x08009990      0x140 ../../../../../../../../../dev/daisy_seed/libDaisy//build\libdaisy.a(stm32h7xx_hal_rcc.o)
                0x08009990                HAL_RCC_GetSysClockFreq
 .text.HAL_RCC_ClockConfig
                0x08009ad0      0x234 ../../../../../../../../../dev/daisy_seed/libDaisy//build\libdaisy.a(stm32h7xx_hal_rcc.o)
                0x08009ad0                HAL_RCC_ClockConfig
 .text.HAL_RCC_GetHCLKFreq
                0x08009d04       0x2c ../../../../../../../../../dev/daisy_seed/libDaisy//build\libdaisy.a(stm32h7xx_hal_rcc.o)
                0x08009d04                HAL_RCC_GetHCLKFreq
 .text.HAL_RCC_GetPCLK1Freq
                0x08009d30       0x38 ../../../../../../../../../dev/daisy_seed/libDaisy//build\libdaisy.a(stm32h7xx_hal_rcc.o)
                0x08009d30                HAL_RCC_GetPCLK1Freq
 .text.HAL_RCC_GetPCLK2Freq
                0x08009d68       0x38 ../../../../../../../../../dev/daisy_seed/libDaisy//build\libdaisy.a(stm32h7xx_hal_rcc.o)
                0x08009d68                HAL_RCC_GetPCLK2Freq
 .text.RCCEx_PLL2_Config
                0x08009da0       0xf4 ../../../../../../../../../dev/daisy_seed/libDaisy//build\libdaisy.a(stm32h7xx_hal_rcc_ex.o)
 .text.RCCEx_PLL3_Config
                0x08009e94       0xf4 ../../../../../../../../../dev/daisy_seed/libDaisy//build\libdaisy.a(stm32h7xx_hal_rcc_ex.o)
 .text.HAL_RCCEx_PeriphCLKConfig
                0x08009f88      0xa7c ../../../../../../../../../dev/daisy_seed/libDaisy//build\libdaisy.a(stm32h7xx_hal_rcc_ex.o)
                0x08009f88                HAL_RCCEx_PeriphCLKConfig
 .text.HAL_RCCEx_GetD3PCLK1Freq
                0x0800aa04       0x24 ../../../../../../../../../dev/daisy_seed/libDaisy//build\libdaisy.a(stm32h7xx_hal_rcc_ex.o)
                0x0800aa04                HAL_RCCEx_GetD3PCLK1Freq
 .text.HAL_RCCEx_GetPLL2ClockFreq
                0x0800aa28      0x17c ../../../../../../../../../dev/daisy_seed/libDaisy//build\libdaisy.a(stm32h7xx_hal_rcc_ex.o)
                0x0800aa28                HAL_RCCEx_GetPLL2ClockFreq
 .text.HAL_RCCEx_GetPLL3ClockFreq
                0x0800aba4      0x17c ../../../../../../../../../dev/daisy_seed/libDaisy//build\libdaisy.a(stm32h7xx_hal_rcc_ex.o)
                0x0800aba4                HAL_RCCEx_GetPLL3ClockFreq
 .text.HAL_RCCEx_GetPLL1ClockFreq
                0x0800ad20      0x17c ../../../../../../../../../dev/daisy_seed/libDaisy//build\libdaisy.a(stm32h7xx_hal_rcc_ex.o)
                0x0800ad20                HAL_RCCEx_GetPLL1ClockFreq
 .text.HAL_RCCEx_GetPeriphCLKFreq
                0x0800ae9c      0x198 ../../../../../../../../../dev/daisy_seed/libDaisy//build\libdaisy.a(stm32h7xx_hal_rcc_ex.o)
                0x0800ae9c                HAL_RCCEx_GetPeriphCLKFreq
 .text.HAL_RCCEx_GetD1SysClockFreq
                0x0800b034       0x2c ../../../../../../../../../dev/daisy_seed/libDaisy//build\libdaisy.a(stm32h7xx_hal_rcc_ex.o)
                0x0800b034                HAL_RCCEx_GetD1SysClockFreq
 .text.HAL_SAI_Init.part.0
                0x0800b060      0x348 ../../../../../../../../../dev/daisy_seed/libDaisy//build\libdaisy.a(stm32h7xx_hal_sai.o)
 .text.HAL_SAI_InitProtocol
                0x0800b3a8      0x178 ../../../../../../../../../dev/daisy_seed/libDaisy//build\libdaisy.a(stm32h7xx_hal_sai.o)
                0x0800b3a8                HAL_SAI_InitProtocol
 .text.HAL_SAI_Transmit_DMA
                0x0800b520      0x124 ../../../../../../../../../dev/daisy_seed/libDaisy//build\libdaisy.a(stm32h7xx_hal_sai.o)
                0x0800b520                HAL_SAI_Transmit_DMA
 .text.HAL_SAI_Receive_DMA
                0x0800b644       0xd0 ../../../../../../../../../dev/daisy_seed/libDaisy//build\libdaisy.a(stm32h7xx_hal_sai.o)
                0x0800b644                HAL_SAI_Receive_DMA
 .text.HAL_SAI_TxCpltCallback
                0x0800b714        0x4 ../../../../../../../../../dev/daisy_seed/libDaisy//build\libdaisy.a(stm32h7xx_hal_sai.o)
                0x0800b714                HAL_SAI_TxCpltCallback
 .text.SAI_DMATxCplt
                0x0800b718       0x64 ../../../../../../../../../dev/daisy_seed/libDaisy//build\libdaisy.a(stm32h7xx_hal_sai.o)
 .text.HAL_SAI_TxHalfCpltCallback
                0x0800b77c        0x4 ../../../../../../../../../dev/daisy_seed/libDaisy//build\libdaisy.a(stm32h7xx_hal_sai.o)
                0x0800b77c                HAL_SAI_TxHalfCpltCallback
 .text.SAI_DMATxHalfCplt
                0x0800b780        0xc ../../../../../../../../../dev/daisy_seed/libDaisy//build\libdaisy.a(stm32h7xx_hal_sai.o)
 .text.SAI_DMARxCplt
                0x0800b78c       0x64 ../../../../../../../../../dev/daisy_seed/libDaisy//build\libdaisy.a(stm32h7xx_hal_sai.o)
 .text.SAI_DMARxHalfCplt
                0x0800b7f0        0xc ../../../../../../../../../dev/daisy_seed/libDaisy//build\libdaisy.a(stm32h7xx_hal_sai.o)
 .text.HAL_SAI_ErrorCallback
                0x0800b7fc        0x4 ../../../../../../../../../dev/daisy_seed/libDaisy//build\libdaisy.a(stm32h7xx_hal_sai.o)
                0x0800b7fc                HAL_SAI_ErrorCallback
 .text.SAI_DMAError
                0x0800b800       0x6c ../../../../../../../../../dev/daisy_seed/libDaisy//build\libdaisy.a(stm32h7xx_hal_sai.o)
 .text.HAL_SDRAM_Init
                0x0800b86c       0x54 ../../../../../../../../../dev/daisy_seed/libDaisy//build\libdaisy.a(stm32h7xx_hal_sdram.o)
                0x0800b86c                HAL_SDRAM_Init
 .text.HAL_SDRAM_SendCommand
                0x0800b8c0       0x40 ../../../../../../../../../dev/daisy_seed/libDaisy//build\libdaisy.a(stm32h7xx_hal_sdram.o)
                0x0800b8c0                HAL_SDRAM_SendCommand
 .text.HAL_SDRAM_ProgramRefreshRate
                0x0800b900       0x30 ../../../../../../../../../dev/daisy_seed/libDaisy//build\libdaisy.a(stm32h7xx_hal_sdram.o)
                0x0800b900                HAL_SDRAM_ProgramRefreshRate
 .text.HAL_UART_Receive
                0x0800b930      0x150 ../../../../../../../../../dev/daisy_seed/libDaisy//build\libdaisy.a(stm32h7xx_hal_uart.o)
                0x0800b930                HAL_UART_Receive
 .text.HAL_UART_Transmit_DMA
                0x0800ba80       0xa4 ../../../../../../../../../dev/daisy_seed/libDaisy//build\libdaisy.a(stm32h7xx_hal_uart.o)
                0x0800ba80                HAL_UART_Transmit_DMA
 .text.HAL_UART_Receive_DMA
                0x0800bb24       0xac ../../../../../../../../../dev/daisy_seed/libDaisy//build\libdaisy.a(stm32h7xx_hal_uart.o)
                0x0800bb24                HAL_UART_Receive_DMA
 .text.UART_DMATransmitCplt
                0x0800bbd0       0x2c ../../../../../../../../../dev/daisy_seed/libDaisy//build\libdaisy.a(stm32h7xx_hal_uart.o)
 .text.HAL_UART_TxHalfCpltCallback
                0x0800bbfc        0x4 ../../../../../../../../../dev/daisy_seed/libDaisy//build\libdaisy.a(stm32h7xx_hal_uart.o)
                0x0800bbfc                HAL_UART_TxHalfCpltCallback
 .text.UART_DMATxHalfCplt
                0x0800bc00        0xc ../../../../../../../../../dev/daisy_seed/libDaisy//build\libdaisy.a(stm32h7xx_hal_uart.o)
 .text.UART_DMAReceiveCplt
                0x0800bc0c       0x38 ../../../../../../../../../dev/daisy_seed/libDaisy//build\libdaisy.a(stm32h7xx_hal_uart.o)
 .text.UART_DMARxHalfCplt
                0x0800bc44        0xc ../../../../../../../../../dev/daisy_seed/libDaisy//build\libdaisy.a(stm32h7xx_hal_uart.o)
 .text.UART_DMAError
                0x0800bc50       0x78 ../../../../../../../../../dev/daisy_seed/libDaisy//build\libdaisy.a(stm32h7xx_hal_uart.o)
 .text.HAL_UART_IRQHandler
                0x0800bcc8      0x1d0 ../../../../../../../../../dev/daisy_seed/libDaisy//build\libdaisy.a(stm32h7xx_hal_uart.o)
                0x0800bcc8                HAL_UART_IRQHandler
 .text.UART_DMAAbortOnError
                0x0800be98       0x14 ../../../../../../../../../dev/daisy_seed/libDaisy//build\libdaisy.a(stm32h7xx_hal_uart.o)
 .text.HAL_UART_GetState
                0x0800beac        0xc ../../../../../../../../../dev/daisy_seed/libDaisy//build\libdaisy.a(stm32h7xx_hal_uart.o)
                0x0800beac                HAL_UART_GetState
 .text.UART_SetConfig
                0x0800beb8     0x14b8 ../../../../../../../../../dev/daisy_seed/libDaisy//build\libdaisy.a(stm32h7xx_hal_uart.o)
                0x0800beb8                UART_SetConfig
 .text.UART_AdvFeatureConfig
                0x0800d370       0xb0 ../../../../../../../../../dev/daisy_seed/libDaisy//build\libdaisy.a(stm32h7xx_hal_uart.o)
                0x0800d370                UART_AdvFeatureConfig
 .text.UART_CheckIdleState
                0x0800d420       0x84 ../../../../../../../../../dev/daisy_seed/libDaisy//build\libdaisy.a(stm32h7xx_hal_uart.o)
                0x0800d420                UART_CheckIdleState
 .text.HAL_UART_Init
                0x0800d4a4       0x68 ../../../../../../../../../dev/daisy_seed/libDaisy//build\libdaisy.a(stm32h7xx_hal_uart.o)
                0x0800d4a4                HAL_UART_Init
 .text.HAL_UARTEx_WakeupCallback
                0x0800d50c        0x4 ../../../../../../../../../dev/daisy_seed/libDaisy//build\libdaisy.a(stm32h7xx_hal_uart_ex.o)
                0x0800d50c                HAL_UARTEx_WakeupCallback
 .text.HAL_UARTEx_RxFifoFullCallback
                0x0800d510        0x4 ../../../../../../../../../dev/daisy_seed/libDaisy//build\libdaisy.a(stm32h7xx_hal_uart_ex.o)
                0x0800d510                HAL_UARTEx_RxFifoFullCallback
 .text.HAL_UARTEx_TxFifoEmptyCallback
                0x0800d514        0x4 ../../../../../../../../../dev/daisy_seed/libDaisy//build\libdaisy.a(stm32h7xx_hal_uart_ex.o)
                0x0800d514                HAL_UARTEx_TxFifoEmptyCallback
 .text.HAL_UARTEx_DisableFifoMode
                0x0800d518       0x3c ../../../../../../../../../dev/daisy_seed/libDaisy//build\libdaisy.a(stm32h7xx_hal_uart_ex.o)
                0x0800d518                HAL_UARTEx_DisableFifoMode
 .text.HAL_UARTEx_SetTxFifoThreshold
                0x0800d554       0x9c ../../../../../../../../../dev/daisy_seed/libDaisy//build\libdaisy.a(stm32h7xx_hal_uart_ex.o)
                0x0800d554                HAL_UARTEx_SetTxFifoThreshold
 .text.HAL_UARTEx_SetRxFifoThreshold
                0x0800d5f0       0x9c ../../../../../../../../../dev/daisy_seed/libDaisy//build\libdaisy.a(stm32h7xx_hal_uart_ex.o)
                0x0800d5f0                HAL_UARTEx_SetRxFifoThreshold
 .text.FMC_SDRAM_Init
                0x0800d68c       0x7c ../../../../../../../../../dev/daisy_seed/libDaisy//build\libdaisy.a(stm32h7xx_ll_fmc.o)
                0x0800d68c                FMC_SDRAM_Init
 .text.FMC_SDRAM_Timing_Init
                0x0800d708       0x98 ../../../../../../../../../dev/daisy_seed/libDaisy//build\libdaisy.a(stm32h7xx_ll_fmc.o)
                0x0800d708                FMC_SDRAM_Timing_Init
 .text.FMC_SDRAM_SendCommand
                0x0800d7a0       0x28 ../../../../../../../../../dev/daisy_seed/libDaisy//build\libdaisy.a(stm32h7xx_ll_fmc.o)
                0x0800d7a0                FMC_SDRAM_SendCommand
 .text.FMC_SDRAM_ProgramRefreshRate
                0x0800d7c8       0x1c ../../../../../../../../../dev/daisy_seed/libDaisy//build\libdaisy.a(stm32h7xx_ll_fmc.o)
                0x0800d7c8                FMC_SDRAM_ProgramRefreshRate
 .text.USB_CoreInit
                0x0800d7e4      0x124 ../../../../../../../../../dev/daisy_seed/libDaisy//build\libdaisy.a(stm32h7xx_ll_usb.o)
                0x0800d7e4                USB_CoreInit
 .text.USB_SetTurnaroundTime
                0x0800d908      0x104 ../../../../../../../../../dev/daisy_seed/libDaisy//build\libdaisy.a(stm32h7xx_ll_usb.o)
                0x0800d908                USB_SetTurnaroundTime
 .text.USB_EnableGlobalInt
                0x0800da0c       0x10 ../../../../../../../../../dev/daisy_seed/libDaisy//build\libdaisy.a(stm32h7xx_ll_usb.o)
                0x0800da0c                USB_EnableGlobalInt
 .text.USB_DisableGlobalInt
                0x0800da1c       0x10 ../../../../../../../../../dev/daisy_seed/libDaisy//build\libdaisy.a(stm32h7xx_ll_usb.o)
                0x0800da1c                USB_DisableGlobalInt
 .text.USB_SetCurrentMode
                0x0800da2c       0x30 ../../../../../../../../../dev/daisy_seed/libDaisy//build\libdaisy.a(stm32h7xx_ll_usb.o)
                0x0800da2c                USB_SetCurrentMode
 .text.USB_DevInit
                0x0800da5c      0x20c ../../../../../../../../../dev/daisy_seed/libDaisy//build\libdaisy.a(stm32h7xx_ll_usb.o)
                0x0800da5c                USB_DevInit
 .text.USB_FlushTxFifo
                0x0800dc68       0x34 ../../../../../../../../../dev/daisy_seed/libDaisy//build\libdaisy.a(stm32h7xx_ll_usb.o)
                0x0800dc68                USB_FlushTxFifo
 .text.USB_GetDevSpeed
                0x0800dc9c       0x24 ../../../../../../../../../dev/daisy_seed/libDaisy//build\libdaisy.a(stm32h7xx_ll_usb.o)
                0x0800dc9c                USB_GetDevSpeed
 .text.USB_ActivateEndpoint
                0x0800dcc0       0x90 ../../../../../../../../../dev/daisy_seed/libDaisy//build\libdaisy.a(stm32h7xx_ll_usb.o)
                0x0800dcc0                USB_ActivateEndpoint
 .text.USB_DeactivateEndpoint
                0x0800dd50       0x84 ../../../../../../../../../dev/daisy_seed/libDaisy//build\libdaisy.a(stm32h7xx_ll_usb.o)
                0x0800dd50                USB_DeactivateEndpoint
 .text.USB_EPStartXfer
                0x0800ddd4      0x230 ../../../../../../../../../dev/daisy_seed/libDaisy//build\libdaisy.a(stm32h7xx_ll_usb.o)
                0x0800ddd4                USB_EPStartXfer
 .text.USB_EP0StartXfer
                0x0800e004      0x174 ../../../../../../../../../dev/daisy_seed/libDaisy//build\libdaisy.a(stm32h7xx_ll_usb.o)
                0x0800e004                USB_EP0StartXfer
 .text.USB_WritePacket
                0x0800e178       0x2c ../../../../../../../../../dev/daisy_seed/libDaisy//build\libdaisy.a(stm32h7xx_ll_usb.o)
                0x0800e178                USB_WritePacket
 .text.USB_ReadPacket
                0x0800e1a4       0x20 ../../../../../../../../../dev/daisy_seed/libDaisy//build\libdaisy.a(stm32h7xx_ll_usb.o)
                0x0800e1a4                USB_ReadPacket
 .text.USB_EPSetStall
                0x0800e1c4       0x68 ../../../../../../../../../dev/daisy_seed/libDaisy//build\libdaisy.a(stm32h7xx_ll_usb.o)
                0x0800e1c4                USB_EPSetStall
 .text.USB_EPClearStall
                0x0800e22c       0x58 ../../../../../../../../../dev/daisy_seed/libDaisy//build\libdaisy.a(stm32h7xx_ll_usb.o)
                0x0800e22c                USB_EPClearStall
 .text.USB_SetDevAddress
                0x0800e284       0x24 ../../../../../../../../../dev/daisy_seed/libDaisy//build\libdaisy.a(stm32h7xx_ll_usb.o)
                0x0800e284                USB_SetDevAddress
 .text.USB_DevConnect
                0x0800e2a8       0x1c ../../../../../../../../../dev/daisy_seed/libDaisy//build\libdaisy.a(stm32h7xx_ll_usb.o)
                0x0800e2a8                USB_DevConnect
 .text.USB_DevDisconnect
                0x0800e2c4       0x1c ../../../../../../../../../dev/daisy_seed/libDaisy//build\libdaisy.a(stm32h7xx_ll_usb.o)
                0x0800e2c4                USB_DevDisconnect
 .text.USB_ReadInterrupts
                0x0800e2e0       0x14 ../../../../../../../../../dev/daisy_seed/libDaisy//build\libdaisy.a(stm32h7xx_ll_usb.o)
                0x0800e2e0                USB_ReadInterrupts
 .text.USB_ReadDevAllOutEpInterrupt
                0x0800e2f4       0x1c ../../../../../../../../../dev/daisy_seed/libDaisy//build\libdaisy.a(stm32h7xx_ll_usb.o)
                0x0800e2f4                USB_ReadDevAllOutEpInterrupt
 .text.USB_ReadDevAllInEpInterrupt
                0x0800e310       0x1c ../../../../../../../../../dev/daisy_seed/libDaisy//build\libdaisy.a(stm32h7xx_ll_usb.o)
                0x0800e310                USB_ReadDevAllInEpInterrupt
 .text.USB_ReadDevOutEPInterrupt
                0x0800e32c       0x1c ../../../../../../../../../dev/daisy_seed/libDaisy//build\libdaisy.a(stm32h7xx_ll_usb.o)
                0x0800e32c                USB_ReadDevOutEPInterrupt
 .text.USB_ReadDevInEPInterrupt
                0x0800e348       0x38 ../../../../../../../../../dev/daisy_seed/libDaisy//build\libdaisy.a(stm32h7xx_ll_usb.o)
                0x0800e348                USB_ReadDevInEPInterrupt
 .text.USB_GetMode
                0x0800e380        0x8 ../../../../../../../../../dev/daisy_seed/libDaisy//build\libdaisy.a(stm32h7xx_ll_usb.o)
                0x0800e380                USB_GetMode
 .text.USB_ActivateSetup
                0x0800e388       0x38 ../../../../../../../../../dev/daisy_seed/libDaisy//build\libdaisy.a(stm32h7xx_ll_usb.o)
                0x0800e388                USB_ActivateSetup
 .text.USB_EP0_OutStart
                0x0800e3c0       0x58 ../../../../../../../../../dev/daisy_seed/libDaisy//build\libdaisy.a(stm32h7xx_ll_usb.o)
                0x0800e3c0                USB_EP0_OutStart
 .text.USB_InitFSLSPClkSel
                0x0800e418       0x44 ../../../../../../../../../dev/daisy_seed/libDaisy//build\libdaisy.a(stm32h7xx_ll_usb.o)
                0x0800e418                USB_InitFSLSPClkSel
 .text.USB_HC_ReadInterrupt
                0x0800e45c        0x8 ../../../../../../../../../dev/daisy_seed/libDaisy//build\libdaisy.a(stm32h7xx_ll_usb.o)
                0x0800e45c                USB_HC_ReadInterrupt
 .text.USB_HC_Halt
                0x0800e464       0xc0 ../../../../../../../../../dev/daisy_seed/libDaisy//build\libdaisy.a(stm32h7xx_ll_usb.o)
                0x0800e464                USB_HC_Halt
 .text.USB_StopHost
                0x0800e524      0x2ec ../../../../../../../../../dev/daisy_seed/libDaisy//build\libdaisy.a(stm32h7xx_ll_usb.o)
                0x0800e524                USB_StopHost
 .text.USBD_CDC_EP0_RxReady
                0x0800e810       0x2c ../../../../../../../../../dev/daisy_seed/libDaisy//build\libdaisy.a(usbd_cdc.o)
 .text.USBD_CDC_GetFSCfgDesc
                0x0800e83c       0x24 ../../../../../../../../../dev/daisy_seed/libDaisy//build\libdaisy.a(usbd_cdc.o)
 .text.USBD_CDC_GetHSCfgDesc
                0x0800e860       0x24 ../../../../../../../../../dev/daisy_seed/libDaisy//build\libdaisy.a(usbd_cdc.o)
 .text.USBD_CDC_GetOtherSpeedCfgDesc
                0x0800e884       0x24 ../../../../../../../../../dev/daisy_seed/libDaisy//build\libdaisy.a(usbd_cdc.o)
 .text.USBD_CDC_GetDeviceQualifierDescriptor
                0x0800e8a8       0x10 ../../../../../../../../../dev/daisy_seed/libDaisy//build\libdaisy.a(usbd_cdc.o)
                0x0800e8a8                USBD_CDC_GetDeviceQualifierDescriptor
 .text.USBD_CDC_DataOut
                0x0800e8b8       0x30 ../../../../../../../../../dev/daisy_seed/libDaisy//build\libdaisy.a(usbd_cdc.o)
 .text.USBD_CDC_DataIn
                0x0800e8e8       0x50 ../../../../../../../../../dev/daisy_seed/libDaisy//build\libdaisy.a(usbd_cdc.o)
 .text.USBD_CDC_Setup
                0x0800e938       0xcc ../../../../../../../../../dev/daisy_seed/libDaisy//build\libdaisy.a(usbd_cdc.o)
 .text.USBD_CDC_DeInit
                0x0800ea04       0x44 ../../../../../../../../../dev/daisy_seed/libDaisy//build\libdaisy.a(usbd_cdc.o)
 .text.USBD_CDC_Init
                0x0800ea48       0x94 ../../../../../../../../../dev/daisy_seed/libDaisy//build\libdaisy.a(usbd_cdc.o)
 .text.USBD_CDC_RegisterInterface
                0x0800eadc       0x10 ../../../../../../../../../dev/daisy_seed/libDaisy//build\libdaisy.a(usbd_cdc.o)
                0x0800eadc                USBD_CDC_RegisterInterface
 .text.USBD_CDC_SetTxBuffer
                0x0800eaec       0x14 ../../../../../../../../../dev/daisy_seed/libDaisy//build\libdaisy.a(usbd_cdc.o)
                0x0800eaec                USBD_CDC_SetTxBuffer
 .text.USBD_CDC_SetRxBuffer
                0x0800eb00       0x10 ../../../../../../../../../dev/daisy_seed/libDaisy//build\libdaisy.a(usbd_cdc.o)
                0x0800eb00                USBD_CDC_SetRxBuffer
 .text.USBD_CDC_TransmitPacket
                0x0800eb10       0x34 ../../../../../../../../../dev/daisy_seed/libDaisy//build\libdaisy.a(usbd_cdc.o)
                0x0800eb10                USBD_CDC_TransmitPacket
 .text.USBD_CDC_ReceivePacket
                0x0800eb44       0x38 ../../../../../../../../../dev/daisy_seed/libDaisy//build\libdaisy.a(usbd_cdc.o)
                0x0800eb44                USBD_CDC_ReceivePacket
 .text.USBD_Init
                0x0800eb7c       0x44 ../../../../../../../../../dev/daisy_seed/libDaisy//build\libdaisy.a(usbd_core.o)
                0x0800eb7c                USBD_Init
 .text.USBD_RegisterClass
                0x0800ebc0       0x2c ../../../../../../../../../dev/daisy_seed/libDaisy//build\libdaisy.a(usbd_core.o)
                0x0800ebc0                USBD_RegisterClass
 .text.USBD_Start
                0x0800ebec        0xc ../../../../../../../../../dev/daisy_seed/libDaisy//build\libdaisy.a(usbd_core.o)
                0x0800ebec                USBD_Start
 .text.USBD_SetClassConfig
                0x0800ebf8       0x14 ../../../../../../../../../dev/daisy_seed/libDaisy//build\libdaisy.a(usbd_core.o)
                0x0800ebf8                USBD_SetClassConfig
 .text.USBD_ClrClassConfig
                0x0800ec0c       0x10 ../../../../../../../../../dev/daisy_seed/libDaisy//build\libdaisy.a(usbd_core.o)
                0x0800ec0c                USBD_ClrClassConfig
 .text.USBD_LL_SetupStage
                0x0800ec1c       0x5c ../../../../../../../../../dev/daisy_seed/libDaisy//build\libdaisy.a(usbd_core.o)
                0x0800ec1c                USBD_LL_SetupStage
 .text.USBD_LL_DataOutStage
                0x0800ec78       0x7c ../../../../../../../../../dev/daisy_seed/libDaisy//build\libdaisy.a(usbd_core.o)
                0x0800ec78                USBD_LL_DataOutStage
 .text.USBD_LL_DataInStage
                0x0800ecf4       0xcc ../../../../../../../../../dev/daisy_seed/libDaisy//build\libdaisy.a(usbd_core.o)
                0x0800ecf4                USBD_LL_DataInStage
 .text.USBD_LL_Reset
                0x0800edc0       0x50 ../../../../../../../../../dev/daisy_seed/libDaisy//build\libdaisy.a(usbd_core.o)
                0x0800edc0                USBD_LL_Reset
 .text.USBD_LL_SetSpeed
                0x0800ee10        0x8 ../../../../../../../../../dev/daisy_seed/libDaisy//build\libdaisy.a(usbd_core.o)
                0x0800ee10                USBD_LL_SetSpeed
 .text.USBD_LL_Suspend
                0x0800ee18       0x14 ../../../../../../../../../dev/daisy_seed/libDaisy//build\libdaisy.a(usbd_core.o)
                0x0800ee18                USBD_LL_Suspend
 .text.USBD_LL_Resume
                0x0800ee2c       0x10 ../../../../../../../../../dev/daisy_seed/libDaisy//build\libdaisy.a(usbd_core.o)
                0x0800ee2c                USBD_LL_Resume
 .text.USBD_LL_SOF
                0x0800ee3c       0x1c ../../../../../../../../../dev/daisy_seed/libDaisy//build\libdaisy.a(usbd_core.o)
                0x0800ee3c                USBD_LL_SOF
 .text.USBD_LL_IsoINIncomplete
                0x0800ee58        0x4 ../../../../../../../../../dev/daisy_seed/libDaisy//build\libdaisy.a(usbd_core.o)
                0x0800ee58                USBD_LL_IsoINIncomplete
 .text.USBD_LL_IsoOUTIncomplete
                0x0800ee5c        0x4 ../../../../../../../../../dev/daisy_seed/libDaisy//build\libdaisy.a(usbd_core.o)
                0x0800ee5c                USBD_LL_IsoOUTIncomplete
 .text.USBD_LL_DevConnected
                0x0800ee60        0x4 ../../../../../../../../../dev/daisy_seed/libDaisy//build\libdaisy.a(usbd_core.o)
                0x0800ee60                USBD_LL_DevConnected
 .text.USBD_LL_DevDisconnected
                0x0800ee64       0x18 ../../../../../../../../../dev/daisy_seed/libDaisy//build\libdaisy.a(usbd_core.o)
                0x0800ee64                USBD_LL_DevDisconnected
 .text.USBD_StdDevReq
                0x0800ee7c      0x304 ../../../../../../../../../dev/daisy_seed/libDaisy//build\libdaisy.a(usbd_ctlreq.o)
                0x0800ee7c                USBD_StdDevReq
 .text.USBD_StdItfReq
                0x0800f180       0x68 ../../../../../../../../../dev/daisy_seed/libDaisy//build\libdaisy.a(usbd_ctlreq.o)
                0x0800f180                USBD_StdItfReq
 .text.USBD_StdEPReq
                0x0800f1e8      0x13c ../../../../../../../../../dev/daisy_seed/libDaisy//build\libdaisy.a(usbd_ctlreq.o)
                0x0800f1e8                USBD_StdEPReq
 .text.USBD_ParseSetupRequest
                0x0800f324       0x28 ../../../../../../../../../dev/daisy_seed/libDaisy//build\libdaisy.a(usbd_ctlreq.o)
                0x0800f324                USBD_ParseSetupRequest
 .text.USBD_CtlError
                0x0800f34c       0x18 ../../../../../../../../../dev/daisy_seed/libDaisy//build\libdaisy.a(usbd_ctlreq.o)
                0x0800f34c                USBD_CtlError
 .text.USBD_GetString
                0x0800f364       0x54 ../../../../../../../../../dev/daisy_seed/libDaisy//build\libdaisy.a(usbd_ctlreq.o)
                0x0800f364                USBD_GetString
 .text.USBD_CtlSendData
                0x0800f3b8       0x1c ../../../../../../../../../dev/daisy_seed/libDaisy//build\libdaisy.a(usbd_ioreq.o)
                0x0800f3b8                USBD_CtlSendData
 .text.USBD_CtlContinueSendData
                0x0800f3d4       0x14 ../../../../../../../../../dev/daisy_seed/libDaisy//build\libdaisy.a(usbd_ioreq.o)
                0x0800f3d4                USBD_CtlContinueSendData
 .text.USBD_CtlPrepareRx
                0x0800f3e8       0x1c ../../../../../../../../../dev/daisy_seed/libDaisy//build\libdaisy.a(usbd_ioreq.o)
                0x0800f3e8                USBD_CtlPrepareRx
 .text.USBD_CtlContinueRx
                0x0800f404       0x14 ../../../../../../../../../dev/daisy_seed/libDaisy//build\libdaisy.a(usbd_ioreq.o)
                0x0800f404                USBD_CtlContinueRx
 .text.USBD_CtlSendStatus
                0x0800f418       0x18 ../../../../../../../../../dev/daisy_seed/libDaisy//build\libdaisy.a(usbd_ioreq.o)
                0x0800f418                USBD_CtlSendStatus